Archive member included because of file (symbol)

C:\Users\rwooster\Documents\base_station\SoftConsole\controller_MSS_MSS_CM3_0\controller_MSS_MSS_CM3_0_hw_platform\Debug\libcontroller_MSS_MSS_CM3_0_hw_platform.a(mss_uart.o)
                              ./main.o (MSS_UART_polled_tx)
C:\Users\rwooster\Documents\base_station\SoftConsole\controller_MSS_MSS_CM3_0\controller_MSS_MSS_CM3_0_hw_platform\Debug\libcontroller_MSS_MSS_CM3_0_hw_platform.a(core_uart_apb.o)
                              ./display.o (UART_send)
C:\Users\rwooster\Documents\base_station\SoftConsole\controller_MSS_MSS_CM3_0\controller_MSS_MSS_CM3_0_hw_platform\Debug\libcontroller_MSS_MSS_CM3_0_hw_platform.a(system_a2fxxxm3.o)
                              C:/Users/rwooster/Documents/base_station/SoftConsole/controller_MSS_MSS_CM3_0/controller_MSS_MSS_CM3_0_hw_platform/Debug/CMSIS/startup_gcc/startup_a2fxxxm3.o (SystemInit)
C:\Users\rwooster\Documents\base_station\SoftConsole\controller_MSS_MSS_CM3_0\controller_MSS_MSS_CM3_0_hw_platform\Debug\libcontroller_MSS_MSS_CM3_0_hw_platform.a(hal_assert.o)
                              C:\Users\rwooster\Documents\base_station\SoftConsole\controller_MSS_MSS_CM3_0\controller_MSS_MSS_CM3_0_hw_platform\Debug\libcontroller_MSS_MSS_CM3_0_hw_platform.a(core_uart_apb.o) (HAL_assert_fail)
C:\Users\rwooster\Documents\base_station\SoftConsole\controller_MSS_MSS_CM3_0\controller_MSS_MSS_CM3_0_hw_platform\Debug\libcontroller_MSS_MSS_CM3_0_hw_platform.a(hw_reg_access.o)
                              C:\Users\rwooster\Documents\base_station\SoftConsole\controller_MSS_MSS_CM3_0\controller_MSS_MSS_CM3_0_hw_platform\Debug\libcontroller_MSS_MSS_CM3_0_hw_platform.a(core_uart_apb.o) (HW_set_8bit_reg)
c:/actel/libero_v9.1/softconsole/sourcery-g++/bin/../lib/gcc/arm-none-eabi/4.4.1/thumb2\libgcc.a(_arm_addsubdf3.o)
                              ./display.o (__aeabi_dsub)
c:/actel/libero_v9.1/softconsole/sourcery-g++/bin/../lib/gcc/arm-none-eabi/4.4.1/thumb2\libgcc.a(_arm_muldivdf3.o)
                              ./display.o (__aeabi_dmul)
c:/actel/libero_v9.1/softconsole/sourcery-g++/bin/../lib/gcc/arm-none-eabi/4.4.1/thumb2\libgcc.a(_arm_fixdfsi.o)
                              ./display.o (__aeabi_d2iz)
c:/actel/libero_v9.1/softconsole/sourcery-g++/bin/../lib/gcc/arm-none-eabi/4.4.1/thumb2\libgcc.a(_arm_fixunsdfsi.o)
                              ./display.o (__aeabi_d2uiz)
c:/actel/libero_v9.1/softconsole/sourcery-g++/bin/../lib/gcc/arm-none-eabi/4.4.1/thumb2\libgcc.a(_arm_addsubsf3.o)
                              ./display.o (__aeabi_fadd)
c:/actel/libero_v9.1/softconsole/sourcery-g++/bin/../lib/gcc/arm-none-eabi/4.4.1/thumb2\libgcc.a(_arm_cmpsf2.o)
                              ./display.o (__aeabi_fcmpge)
c:/actel/libero_v9.1/softconsole/sourcery-g++/bin/../lib/gcc/arm-none-eabi/4.4.1/../../../../arm-none-eabi/lib/thumb2\libc.a(lib_a-errno.o)
                              C:/Users/rwooster/Documents/base_station/SoftConsole/controller_MSS_MSS_CM3_0/controller_MSS_MSS_CM3_0_hw_platform/Debug/CMSIS/startup_gcc/newlib_stubs.o (__errno)
c:/actel/libero_v9.1/softconsole/sourcery-g++/bin/../lib/gcc/arm-none-eabi/4.4.1/../../../../arm-none-eabi/lib/thumb2\libc.a(lib_a-impure.o)
                              c:/actel/libero_v9.1/softconsole/sourcery-g++/bin/../lib/gcc/arm-none-eabi/4.4.1/../../../../arm-none-eabi/lib/thumb2\libc.a(lib_a-errno.o) (_impure_ptr)
c:/actel/libero_v9.1/softconsole/sourcery-g++/bin/../lib/gcc/arm-none-eabi/4.4.1/../../../../arm-none-eabi/lib/thumb2\libc.a(lib_a-init.o)
                              C:/Users/rwooster/Documents/base_station/SoftConsole/controller_MSS_MSS_CM3_0/controller_MSS_MSS_CM3_0_hw_platform/Debug/CMSIS/startup_gcc/startup_a2fxxxm3.o (__libc_init_array)
c:/actel/libero_v9.1/softconsole/sourcery-g++/bin/../lib/gcc/arm-none-eabi/4.4.1/../../../../arm-none-eabi/lib/thumb2\libc.a(lib_a-printf.o)
                              ./controller.o (printf)
c:/actel/libero_v9.1/softconsole/sourcery-g++/bin/../lib/gcc/arm-none-eabi/4.4.1/../../../../arm-none-eabi/lib/thumb2\libc.a(lib_a-sprintf.o)
                              ./display.o (sprintf)
c:/actel/libero_v9.1/softconsole/sourcery-g++/bin/../lib/gcc/arm-none-eabi/4.4.1/../../../../arm-none-eabi/lib/thumb2\libc.a(lib_a-svfprintf.o)
                              c:/actel/libero_v9.1/softconsole/sourcery-g++/bin/../lib/gcc/arm-none-eabi/4.4.1/../../../../arm-none-eabi/lib/thumb2\libc.a(lib_a-sprintf.o) (_svfprintf_r)
c:/actel/libero_v9.1/softconsole/sourcery-g++/bin/../lib/gcc/arm-none-eabi/4.4.1/../../../../arm-none-eabi/lib/thumb2\libc.a(lib_a-vfprintf.o)
                              c:/actel/libero_v9.1/softconsole/sourcery-g++/bin/../lib/gcc/arm-none-eabi/4.4.1/../../../../arm-none-eabi/lib/thumb2\libc.a(lib_a-printf.o) (_vfprintf_r)
c:/actel/libero_v9.1/softconsole/sourcery-g++/bin/../lib/gcc/arm-none-eabi/4.4.1/../../../../arm-none-eabi/lib/thumb2\libc.a(lib_a-wsetup.o)
[...]
Memory Configuration

Name             Origin             Length             Attributes
rom              0x60000000         0x00040000         xr
romMirror        0x00000000         0x00040000         xr
ram              0x20000000         0x00010000         xrw
*default*        0x00000000         0xffffffff

Linker script and memory map

LOAD c:/actel/libero_v9.1/softconsole/sourcery-g++/bin/../lib/gcc/arm-none-eabi/4.4.1/thumb2/crti.o
LOAD c:/actel/libero_v9.1/softconsole/sourcery-g++/bin/../lib/gcc/arm-none-eabi/4.4.1/thumb2/crtbegin.o
LOAD ./controller.o
LOAD ./display.o
LOAD ./main.o
LOAD C:/Users/rwooster/Documents/base_station/SoftConsole/controller_MSS_MSS_CM3_0/controller_MSS_MSS_CM3_0_hw_platform/Debug/CMSIS/startup_gcc/startup_a2fxxxm3.o
LOAD C:/Users/rwooster/Documents/base_station/SoftConsole/controller_MSS_MSS_CM3_0/controller_MSS_MSS_CM3_0_hw_platform/Debug/CMSIS/startup_gcc/newlib_stubs.o
LOAD C:\Users\rwooster\Documents\base_station\SoftConsole\controller_MSS_MSS_CM3_0\controller_MSS_MSS_CM3_0_hw_platform\Debug\libcontroller_MSS_MSS_CM3_0_hw_platform.a
START GROUP
LOAD c:/actel/libero_v9.1/softconsole/sourcery-g++/bin/../lib/gcc/arm-none-eabi/4.4.1/thumb2\libgcc.a
LOAD c:/actel/libero_v9.1/softconsole/sourcery-g++/bin/../lib/gcc/arm-none-eabi/4.4.1/../../../../arm-none-eabi/lib/thumb2\libc.a
END GROUP
LOAD c:/actel/libero_v9.1/softconsole/sourcery-g++/bin/../lib/gcc/arm-none-eabi/4.4.1/thumb2/crtend.o
LOAD c:/actel/libero_v9.1/softconsole/sourcery-g++/bin/../lib/gcc/arm-none-eabi/4.4.1/thumb2/crtn.o
START GROUP
LOAD c:/actel/libero_v9.1/softconsole/sourcery-g++/bin/../lib/gcc/arm-none-eabi/4.4.1/../../../../arm-none-eabi/lib/thumb2\libc.a
LOAD c:/actel/libero_v9.1/softconsole/sourcery-g++/bin/../lib/gcc/arm-none-eabi/4.4.1/thumb2\libgcc.a
LOAD c:/actel/libero_v9.1/softconsole/sourcery-g++/bin/../lib/gcc/arm-none-eabi/4.4.1/../../../../arm-none-eabi/lib/thumb2\libm.a
END GROUP
                0x00000000                __DYNAMIC = 0x0
                0x20000000                RAM_START_ADDRESS = 0x20000000
                0x00010000                RAM_SIZE = 0x10000
                0x00002000                MAIN_STACK_SIZE = 0x2000
                0x00001000                PROCESS_STACK_SIZE = 0x1000
                0x20010000                PROVIDE (__main_stack_start, (RAM_START_ADDRESS + RAM_SIZE))
                0x2000e000                PROVIDE (__process_stack_start, (__main_stack_start - MAIN_STACK_SIZE))
                0x20010000                PROVIDE (_estack, __main_stack_start)
                0x00000001                PROVIDE (__mirrored_nvm, 0x1)

.init           0x00000000      0x470 load address 0x60000000
 *(.isr_vector)
 .isr_vector    0x00000000      0x470 C:/Users/rwooster/Documents/base_station/SoftConsole/controller_MSS_MSS_CM3_0/controller_MSS_MSS_CM3_0_hw_platform/Debug/CMSIS/startup_gcc/startup_a2fxxxm3.o
                0x00000000                g_pfnVectors
                0x00000298                Reset_Handler
                0x00000308                NMI_Handler
                0x0000030a                HardFault_Handler
                0x0000030c                MemManage_Handler
                0x0000030e                BusFault_Handler
                0x00000310                UsageFault_Handler
                0x00000312                SVC_Handler
                0x00000314                DebugMon_Handler
                0x00000316                PendSV_Handler
                0x00000318                SysTick_Handler
                0x0000031a                WdogWakeup_IRQHandler
                0x0000031c                BrownOut_1_5V_IRQHandler
                0x0000031e                BrownOut_3_3V_IRQHandler
                0x00000320                RTC_Match_IRQHandler
                0x00000322                RTCIF_Pub_IRQHandler
                0x00000324                EthernetMAC_IRQHandler
                0x00000326                IAP_IRQHandler
                0x00000328                ENVM0_IRQHandler
                0x0000032a                ENVM1_IRQHandler
                0x0000032c                DMA_IRQHandler
                0x00000332                SPI0_IRQHandler
                0x00000334                SPI1_IRQHandler
                0x00000336                I2C0_IRQHandler
                0x00000338                I2C0_SMBAlert_IRQHandler
                0x0000033a                I2C0_SMBus_IRQHandler
                0x0000033c                I2C1_IRQHandler
                0x0000033e                I2C1_SMBAlert_IRQHandler
                0x00000340                I2C1_SMBus_IRQHandler
                0x00000344                Timer2_IRQHandler
                0x00000346                PLL_Lock_IRQHandler
                0x00000348                PLL_LockLost_IRQHandler
                0x0000034a                CommError_IRQHandler
                0x0000034c                Fabric_IRQHandler
                0x0000034e                GPIO0_IRQHandler
                0x00000350                GPIO1_IRQHandler
                0x00000352                GPIO2_IRQHandler
                0x00000354                GPIO3_IRQHandler
                0x00000356                GPIO4_IRQHandler
                0x00000358                GPIO5_IRQHandler
                0x0000035a                GPIO6_IRQHandler
                0x0000035c                GPIO7_IRQHandler
                0x0000035e                GPIO8_IRQHandler
                0x00000360                GPIO9_IRQHandler
                0x00000362                GPIO10_IRQHandler
                0x00000364                GPIO11_IRQHandler
                0x00000366                GPIO12_IRQHandler
                0x00000368                GPIO13_IRQHandler
                0x0000036a                GPIO14_IRQHandler
                0x0000036c                GPIO15_IRQHandler
                0x0000036e                GPIO16_IRQHandler
                0x00000370                GPIO17_IRQHandler
                0x00000372                GPIO18_IRQHandler
                0x00000374                GPIO19_IRQHandler
                0x00000376                GPIO20_IRQHandler
                0x00000378                GPIO21_IRQHandler
                0x0000037a                GPIO22_IRQHandler
                0x0000037c                GPIO23_IRQHandler
                0x0000037e                GPIO24_IRQHandler
                0x00000380                GPIO25_IRQHandler
                0x00000382                GPIO26_IRQHandler
                0x00000384                GPIO27_IRQHandler
                0x00000386                GPIO28_IRQHandler
                0x00000388                GPIO29_IRQHandler
                0x0000038a                GPIO30_IRQHandler
                0x0000038c                GPIO31_IRQHandler
                0x0000038e                ACE_PC0_Flag0_IRQHandler
                0x00000390                ACE_PC0_Flag1_IRQHandler
                0x00000392                ACE_PC0_Flag2_IRQHandler
                0x00000394                ACE_PC0_Flag3_IRQHandler
                0x00000396                ACE_PC1_Flag0_IRQHandler
                0x00000398                ACE_PC1_Flag1_IRQHandler
                0x0000039a                ACE_PC1_Flag2_IRQHandler
                0x0000039c                ACE_PC1_Flag3_IRQHandler
                0x0000039e                ACE_PC2_Flag0_IRQHandler
                0x000003a0                ACE_PC2_Flag1_IRQHandler
                0x000003a2                ACE_PC2_Flag2_IRQHandler
                0x000003a4                ACE_PC2_Flag3_IRQHandler
                0x000003a6                ACE_ADC0_DataValid_IRQHandler
                0x000003a8                ACE_ADC1_DataValid_IRQHandler
                0x000003aa                ACE_ADC2_DataValid_IRQHandler
                0x000003ac                ACE_ADC0_CalDone_IRQHandler
                0x000003ae                ACE_ADC1_CalDone_IRQHandler
                0x000003b0                ACE_ADC2_CalDone_IRQHandler
                0x000003b2                ACE_ADC0_CalStart_IRQHandler
                0x000003b4                ACE_ADC1_CalStart_IRQHandler
                0x000003b6                ACE_ADC2_CalStart_IRQHandler
                0x000003b8                ACE_Comp0_Fall_IRQHandler
                0x000003ba                ACE_Comp1_Fall_IRQHandler
                0x000003bc                ACE_Comp2_Fall_IRQHandler
                0x000003be                ACE_Comp3_Fall_IRQHandler
                0x000003c0                ACE_Comp4_Fall_IRQHandler
                0x000003c2                ACE_Comp5_Fall_IRQHandler
                0x000003c4                ACE_Comp6_Fall_IRQHandler
                0x000003c6                ACE_Comp7_Fall_IRQHandler
                0x000003c8                ACE_Comp8_Fall_IRQHandler
                0x000003ca                ACE_Comp9_Fall_IRQHandler
                0x000003cc                ACE_Comp10_Fall_IRQHandler
                0x000003ce                ACE_Comp11_Fall_IRQHandler
                0x000003d0                ACE_Comp0_Rise_IRQHandler
                0x000003d2                ACE_Comp1_Rise_IRQHandler
                0x000003d4                ACE_Comp2_Rise_IRQHandler
                0x000003d6                ACE_Comp3_Rise_IRQHandler
                0x000003d8                ACE_Comp4_Rise_IRQHandler
                0x000003da                ACE_Comp5_Rise_IRQHandler
                0x000003dc                ACE_Comp6_Rise_IRQHandler
                0x000003de                ACE_Comp7_Rise_IRQHandler
                0x000003e0                ACE_Comp8_Rise_IRQHandler
                0x000003e2                ACE_Comp9_Rise_IRQHandler
                0x000003e4                ACE_Comp10_Rise_IRQHandler
                0x000003e6                ACE_Comp11_Rise_IRQHandler
                0x000003e8                ACE_ADC0_FifoFull_IRQHandler
                0x000003ea                ACE_ADC0_FifoAFull_IRQHandler
                0x000003ec                ACE_ADC0_FifoEmpty_IRQHandler
                0x000003ee                ACE_ADC1_FifoFull_IRQHandler
                0x000003f0                ACE_ADC1_FifoAFull_IRQHandler
                0x000003f2                ACE_ADC1_FifoEmpty_IRQHandler
                0x000003f4                ACE_ADC2_FifoFull_IRQHandler
                0x000003f6                ACE_ADC2_FifoAFull_IRQHandler
                0x000003f8                ACE_ADC2_FifoEmpty_IRQHandler
                0x000003fa                ACE_PPE_Flag0_IRQHandler
                0x000003fc                ACE_PPE_Flag1_IRQHandler
                0x000003fe                ACE_PPE_Flag2_IRQHandler
                0x00000400                ACE_PPE_Flag3_IRQHandler
                0x00000402                ACE_PPE_Flag4_IRQHandler
                0x00000404                ACE_PPE_Flag5_IRQHandler
                0x00000406                ACE_PPE_Flag6_IRQHandler
                0x00000408                ACE_PPE_Flag7_IRQHandler
                0x0000040a                ACE_PPE_Flag8_IRQHandler
                0x0000040c                ACE_PPE_Flag9_IRQHandler
                0x0000040e                ACE_PPE_Flag10_IRQHandler
                0x00000410                ACE_PPE_Flag11_IRQHandler
                0x00000412                ACE_PPE_Flag12_IRQHandler
                0x00000414                ACE_PPE_Flag13_IRQHandler
                0x00000416                ACE_PPE_Flag14_IRQHandler
                0x00000418                ACE_PPE_Flag15_IRQHandler
                0x0000041a                ACE_PPE_Flag16_IRQHandler
                0x0000041c                ACE_PPE_Flag17_IRQHandler
                0x0000041e                ACE_PPE_Flag18_IRQHandler
                0x00000420                ACE_PPE_Flag19_IRQHandler
                0x00000422                ACE_PPE_Flag20_IRQHandler
                0x00000424                ACE_PPE_Flag21_IRQHandler
                0x00000426                ACE_PPE_Flag22_IRQHandler
                0x00000428                ACE_PPE_Flag23_IRQHandler
                0x0000042a                ACE_PPE_Flag24_IRQHandler
                0x0000042c                ACE_PPE_Flag25_IRQHandler
                0x0000042e                ACE_PPE_Flag26_IRQHandler
                0x00000430                ACE_PPE_Flag27_IRQHandler
                0x00000432                ACE_PPE_Flag28_IRQHandler
                0x00000434                ACE_PPE_Flag29_IRQHandler
                0x00000436                ACE_PPE_Flag30_IRQHandler
                0x00000438                ACE_PPE_Flag31_IRQHandler
 *sys_boot.o(.text)
                0x00000470                . = ALIGN (0x4)

.text           0x00000470     0xaa68 load address 0x60000470
 CREATE_OBJECT_SYMBOLS
                0x60000470                __text_load = LOADADDR (.text)
                0x00000470                __text_start = .
 *(.text .text.* .gnu.linkonce.t.*)
 .text          0x00000470       0x30 c:/actel/libero_v9.1/softconsole/sourcery-g++/bin/../lib/gcc/arm-none-eabi/4.4.1/thumb2/crtbegin.o
 .text.clear_screen
                0x000004a0       0x2c ./display.o
                0x000004a0                clear_screen
 .text.set_x    0x000004cc       0x34 ./display.o
                0x000004cc                set_x
 .text.set_y    0x00000500       0x34 ./display.o
                0x00000500                set_y
 .text.draw_line
                0x00000534       0x48 ./display.o
                0x00000534                draw_line
 .text.draw_circle
                0x0000057c       0x44 ./display.o
                0x0000057c                draw_circle
 .text.print_degrees
                0x000005c0      0x258 ./display.o
                0x000005c0                print_degrees
 .text.NVIC_EnableIRQ
                0x00000818       0x38 ./main.o
 .text.NVIC_DisableIRQ
                0x00000850       0x3c ./main.o
 .text.NVIC_ClearPendingIRQ
                0x0000088c       0x3c ./main.o
 .text.MSS_TIM1_init
                0x000008c8       0x84 ./main.o
 .text.MSS_TIM1_start
                0x0000094c       0x1c ./main.o
 .text.MSS_TIM1_load_background
                0x00000968       0x20 ./main.o
 .text.MSS_TIM1_enable_irq
                0x00000988       0x20 ./main.o
 .text.MSS_TIM1_clear_irq
                0x000009a8       0x1c ./main.o
 .text.uart1_rx_handler
                0x000009c4      0x1b4 ./main.o
                0x000009c4                uart1_rx_handler
 .text.Timer1_IRQHandler
                0x00000b78       0x84 ./main.o
                0x00000b78                Timer1_IRQHandler
 .text.main     0x00000bfc       0xe8 ./main.o
                0x00000bfc                main
 .text._close   0x00000ce4        0x8 C:/Users/rwooster/Documents/base_station/SoftConsole/controller_MSS_MSS_CM3_0/controller_MSS_MSS_CM3_0_hw_platform/Debug/CMSIS/startup_gcc/newlib_stubs.o
                0x00000ce4                _close
 .text._exit    0x00000cec        0x4 C:/Users/rwooster/Documents/base_station/SoftConsole/controller_MSS_MSS_CM3_0/controller_MSS_MSS_CM3_0_hw_platform/Debug/CMSIS/startup_gcc/newlib_stubs.o
                0x00000cec                _exit
 .text._fstat   0x00000cf0        0xc C:/Users/rwooster/Documents/base_station/SoftConsole/controller_MSS_MSS_CM3_0/controller_MSS_MSS_CM3_0_hw_platform/Debug/CMSIS/startup_gcc/newlib_stubs.o
                0x00000cf0                _fstat
 .text._isatty  0x00000cfc        0x8 C:/Users/rwooster/Documents/base_station/SoftConsole/controller_MSS_MSS_CM3_0/controller_MSS_MSS_CM3_0_hw_platform/Debug/CMSIS/startup_gcc/newlib_stubs.o
                0x00000cfc                _isatty
 .text._lseek   0x00000d04        0x8 C:/Users/rwooster/Documents/base_station/SoftConsole/controller_MSS_MSS_CM3_0/controller_MSS_MSS_CM3_0_hw_platform/Debug/CMSIS/startup_gcc/newlib_stubs.o
                0x00000d04                _lseek
 .text._read    0x00000d0c        0x8 C:/Users/rwooster/Documents/base_station/SoftConsole/controller_MSS_MSS_CM3_0/controller_MSS_MSS_CM3_0_hw_platform/Debug/CMSIS/startup_gcc/newlib_stubs.o
                0x00000d0c                _read
 .text._write_r
                0x00000d14       0x48 C:/Users/rwooster/Documents/base_station/SoftConsole/controller_MSS_MSS_CM3_0/controller_MSS_MSS_CM3_0_hw_platform/Debug/CMSIS/startup_gcc/newlib_stubs.o
                0x00000d14                _write_r
 .text._sbrk    0x00000d5c       0x64 C:/Users/rwooster/Documents/base_station/SoftConsole/controller_MSS_MSS_CM3_0/controller_MSS_MSS_CM3_0_hw_platform/Debug/CMSIS/startup_gcc/newlib_stubs.o
                0x00000d5c                _sbrk
 .text.MSS_UART_polled_tx
                0x00000dc0       0xac C:\Users\rwooster\Documents\base_station\SoftConsole\controller_MSS_MSS_CM3_0\controller_MSS_MSS_CM3_0_hw_platform\Debug\libcontroller_MSS_MSS_CM3_0_hw_platform.a(mss_uart.o)
                0x00000dc0                MSS_UART_polled_tx
 .text.MSS_UART_get_rx
                0x00000e6c       0x9c C:\Users\rwooster\Documents\base_station\SoftConsole\controller_MSS_MSS_CM3_0\controller_MSS_MSS_CM3_0_hw_platform\Debug\libcontroller_MSS_MSS_CM3_0_hw_platform.a(mss_uart.o)
                0x00000e6c                MSS_UART_get_rx
 .text.MSS_UART_isr
                0x00000f08       0x70 C:\Users\rwooster\Documents\base_station\SoftConsole\controller_MSS_MSS_CM3_0\controller_MSS_MSS_CM3_0_hw_platform\Debug\libcontroller_MSS_MSS_CM3_0_hw_platform.a(mss_uart.o)
 .text.default_tx_handler
                0x00000f78       0xa8 C:\Users\rwooster\Documents\base_station\SoftConsole\controller_MSS_MSS_CM3_0\controller_MSS_MSS_CM3_0_hw_platform\Debug\libcontroller_MSS_MSS_CM3_0_hw_platform.a(mss_uart.o)
 .text.MSS_UART_set_rx_handler
                0x00001020       0xa4 C:\Users\rwooster\Documents\base_station\SoftConsole\controller_MSS_MSS_CM3_0\controller_MSS_MSS_CM3_0_hw_platform\Debug\libcontroller_MSS_MSS_CM3_0_hw_platform.a(mss_uart.o)
                0x00001020                MSS_UART_set_rx_handler
 .text.UART0_IRQHandler
                0x000010c4       0x30 C:\Users\rwooster\Documents\base_station\SoftConsole\controller_MSS_MSS_CM3_0\controller_MSS_MSS_CM3_0_hw_platform\Debug\libcontroller_MSS_MSS_CM3_0_hw_platform.a(mss_uart.o)
                0x000010c4                UART0_IRQHandler
 .text.UART1_IRQHandler
                0x000010f4       0x30 C:\Users\rwooster\Documents\base_station\SoftConsole\controller_MSS_MSS_CM3_0\controller_MSS_MSS_CM3_0_hw_platform\Debug\libcontroller_MSS_MSS_CM3_0_hw_platform.a(mss_uart.o)
                0x000010f4                UART1_IRQHandler
 .text.MSS_UART_get_tx_status
                0x00001124       0x34 C:\Users\rwooster\Documents\base_station\SoftConsole\controller_MSS_MSS_CM3_0\controller_MSS_MSS_CM3_0_hw_platform\Debug\libcontroller_MSS_MSS_CM3_0_hw_platform.a(mss_uart.o)
                0x00001124                MSS_UART_get_tx_status
 .text.MSS_UART_init
                0x00001158      0x150 C:\Users\rwooster\Documents\base_station\SoftConsole\controller_MSS_MSS_CM3_0\controller_MSS_MSS_CM3_0_hw_platform\Debug\libcontroller_MSS_MSS_CM3_0_hw_platform.a(mss_uart.o)
                0x00001158                MSS_UART_init
 .text.UART_send
                0x000012a8       0xe4 C:\Users\rwooster\Documents\base_station\SoftConsole\controller_MSS_MSS_CM3_0\controller_MSS_MSS_CM3_0_hw_platform\Debug\libcontroller_MSS_MSS_CM3_0_hw_platform.a(core_uart_apb.o)
                0x000012a8                UART_send
 .text.UART_init
                0x0000138c      0x1cc C:\Users\rwooster\Documents\base_station\SoftConsole\controller_MSS_MSS_CM3_0\controller_MSS_MSS_CM3_0_hw_platform\Debug\libcontroller_MSS_MSS_CM3_0_hw_platform.a(core_uart_apb.o)
                0x0000138c                UART_init
 .text.SystemInit
                0x00001558        0x4 C:\Users\rwooster\Documents\base_station\SoftConsole\controller_MSS_MSS_CM3_0\controller_MSS_MSS_CM3_0_hw_platform\Debug\libcontroller_MSS_MSS_CM3_0_hw_platform.a(system_a2fxxxm3.o)
                0x00001558                SystemInit
 .text.SystemCoreClockUpdate
                0x0000155c      0x130 C:\Users\rwooster\Documents\base_station\SoftConsole\controller_MSS_MSS_CM3_0\controller_MSS_MSS_CM3_0_hw_platform\Debug\libcontroller_MSS_MSS_CM3_0_hw_platform.a(system_a2fxxxm3.o)
                0x0000155c                SystemCoreClockUpdate
 .text.HAL_assert_fail
                0x0000168c       0x18 C:\Users\rwooster\Documents\base_station\SoftConsole\controller_MSS_MSS_CM3_0\controller_MSS_MSS_CM3_0_hw_platform\Debug\libcontroller_MSS_MSS_CM3_0_hw_platform.a(hal_assert.o)
                0x0000168c                HAL_assert_fail
 .text          0x000016a4       0x90 C:\Users\rwooster\Documents\base_station\SoftConsole\controller_MSS_MSS_CM3_0\controller_MSS_MSS_CM3_0_hw_platform\Debug\libcontroller_MSS_MSS_CM3_0_hw_platform.a(hw_reg_access.o)
                0x000016a4                HW_set_32bit_reg
                0x000016a8                HW_get_32bit_reg
                0x000016ac                HW_set_32bit_reg_field
                0x000016c8                HW_get_32bit_reg_field
                0x000016d4                HW_set_16bit_reg
                0x000016d8                HW_get_16bit_reg
                0x000016dc                HW_set_16bit_reg_field
                0x000016f8                HW_get_16bit_reg_field
                0x00001704                HW_set_8bit_reg
                0x00001708                HW_get_8bit_reg
                0x0000170c                HW_set_8bit_reg_field
                0x00001728                HW_get_8bit_reg_field
 .text          0x00001734      0x370 c:/actel/libero_v9.1/softconsole/sourcery-g++/bin/../lib/gcc/arm-none-eabi/4.4.1/thumb2\libgcc.a(_arm_addsubdf3.o)
                0x00001734                __aeabi_drsub
                0x0000173c                __aeabi_dsub
                0x0000173c                __subdf3
                0x00001740                __aeabi_dadd
                0x00001740                __adddf3
                0x000019b8                __floatunsidf
                0x000019b8                __aeabi_ui2d
                0x000019d8                __floatsidf
                0x000019d8                __aeabi_i2d
                0x000019fc                __aeabi_f2d
                0x000019fc                __extendsfdf2
                0x00001a38                __floatundidf
                0x00001a38                __aeabi_ul2d
                0x00001a48                __floatdidf
                0x00001a48                __aeabi_l2d
 .text          0x00001aa4      0x424 c:/actel/libero_v9.1/softconsole/sourcery-g++/bin/../lib/gcc/arm-none-eabi/4.4.1/thumb2\libgcc.a(_arm_muldivdf3.o)
                0x00001aa4                __aeabi_dmul
                0x00001aa4                __muldf3
                0x00001cf8                __divdf3
                0x00001cf8                __aeabi_ddiv
 .text          0x00001ec8       0x50 c:/actel/libero_v9.1/softconsole/sourcery-g++/bin/../lib/gcc/arm-none-eabi/4.4.1/thumb2\libgcc.a(_arm_fixdfsi.o)
                0x00001ec8                __aeabi_d2iz
                0x00001ec8                __fixdfsi
 .text          0x00001f18       0x40 c:/actel/libero_v9.1/softconsole/sourcery-g++/bin/../lib/gcc/arm-none-eabi/4.4.1/thumb2\libgcc.a(_arm_fixunsdfsi.o)
                0x00001f18                __aeabi_d2uiz
                0x00001f18                __fixunsdfsi
 .text          0x00001f58      0x21c c:/actel/libero_v9.1/softconsole/sourcery-g++/bin/../lib/gcc/arm-none-eabi/4.4.1/thumb2\libgcc.a(_arm_addsubsf3.o)
                0x00001f58                __aeabi_frsub
                0x00001f60                __subsf3
                0x00001f60                __aeabi_fsub
                0x00001f64                __aeabi_fadd
                0x00001f64                __addsf3
                0x000020c4                __aeabi_ui2f
                0x000020c4                __floatunsisf
                0x000020cc                __aeabi_i2f
                0x000020cc                __floatsisf
                0x000020e8                __aeabi_ul2f
                0x000020e8                __floatundisf
                0x000020f8                __aeabi_l2f
                0x000020f8                __floatdisf
 .text          0x00002174       0xec c:/actel/libero_v9.1/softconsole/sourcery-g++/bin/../lib/gcc/arm-none-eabi/4.4.1/thumb2\libgcc.a(_arm_cmpsf2.o)
                0x00002174                __gesf2
                0x00002174                __gtsf2
                0x0000217c                __lesf2
                0x0000217c                __ltsf2
                0x00002184                __nesf2
                0x00002184                __eqsf2
                0x00002184                __cmpsf2
                0x000021e4                __aeabi_cfrcmple
                0x000021ec                __aeabi_cfcmpeq
                0x000021ec                __aeabi_cfcmple
                0x000021fc                __aeabi_fcmpeq
                0x00002210                __aeabi_fcmplt
                0x00002224                __aeabi_fcmple
                0x00002238                __aeabi_fcmpge
                0x0000224c                __aeabi_fcmpgt
 .text          0x00002260       0x50 c:/actel/libero_v9.1/softconsole/sourcery-g++/bin/../lib/gcc/arm-none-eabi/4.4.1/../../../../arm-none-eabi/lib/thumb2\libc.a(lib_a-init.o)
                0x00002260                __libc_init_array
 .text          0x000022b0       0x64 c:/actel/libero_v9.1/softconsole/sourcery-g++/bin/../lib/gcc/arm-none-eabi/4.4.1/../../../../arm-none-eabi/lib/thumb2\libc.a(lib_a-printf.o)
                0x000022b0                printf
                0x000022e8                _printf_r
 .text          0x00002314       0x94 c:/actel/libero_v9.1/softconsole/sourcery-g++/bin/../lib/gcc/arm-none-eabi/4.4.1/../../../../arm-none-eabi/lib/thumb2\libc.a(lib_a-sprintf.o)
                0x00002314                sprintf
                0x00002364                _sprintf_r
 .text          0x000023a8     0x15a8 c:/actel/libero_v9.1/softconsole/sourcery-g++/bin/../lib/gcc/arm-none-eabi/4.4.1/../../../../arm-none-eabi/lib/thumb2\libc.a(lib_a-svfprintf.o)
                0x000024c4                _svfprintf_r
 .text          0x00003950     0x1940 c:/actel/libero_v9.1/softconsole/sourcery-g++/bin/../lib/gcc/arm-none-eabi/4.4.1/../../../../arm-none-eabi/lib/thumb2\libc.a(lib_a-vfprintf.o)
                0x0000396c                _vfprintf_r
                0x00005274                vfprintf
 .text          0x00005290      0x104 c:/actel/libero_v9.1/softconsole/sourcery-g++/bin/../lib/gcc/arm-none-eabi/4.4.1/../../../../arm-none-eabi/lib/thumb2\libc.a(lib_a-wsetup.o)
                0x00005290                __swsetup_r
 *fill*         0x00005394        0x4 00
 .text          0x00005398      0xfb8 c:/actel/libero_v9.1/softconsole/sourcery-g++/bin/../lib/gcc/arm-none-eabi/4.4.1/../../../../arm-none-eabi/lib/thumb2\libc.a(lib_a-dtoa.o)
                0x000054b8                _dtoa_r
 .text          0x00006350      0x178 c:/actel/libero_v9.1/softconsole/sourcery-g++/bin/../lib/gcc/arm-none-eabi/4.4.1/../../../../arm-none-eabi/lib/thumb2\libc.a(lib_a-fflush.o)
                0x00006350                _fflush_r
                0x000064a0                fflush
 .text          0x000064c8      0x1c8 c:/actel/libero_v9.1/softconsole/sourcery-g++/bin/../lib/gcc/arm-none-eabi/4.4.1/../../../../arm-none-eabi/lib/thumb2\libc.a(lib_a-findfp.o)
                0x000064c8                __sfp_lock_acquire
                0x000064cc                __sfp_lock_release
                0x000064d0                __sinit_lock_acquire
                0x000064d4                __sinit_lock_release
                0x000064e0                __fp_unlock_all
                0x000064f8                __fp_lock_all
                0x00006510                _cleanup_r
                0x0000651c                _cleanup
                0x00006578                __sfmoreglue
                0x000065a8                __sfp
                0x00006630                __sinit
 .text          0x00006690      0x268 c:/actel/libero_v9.1/softconsole/sourcery-g++/bin/../lib/gcc/arm-none-eabi/4.4.1/../../../../arm-none-eabi/lib/thumb2\libc.a(lib_a-freer.o)
                0x00006690                _malloc_trim_r
                0x00006738                _free_r
 .text          0x000068f8      0x334 c:/actel/libero_v9.1/softconsole/sourcery-g++/bin/../lib/gcc/arm-none-eabi/4.4.1/../../../../arm-none-eabi/lib/thumb2\libc.a(lib_a-fvwrite.o)
                0x000068f8                __sfvwrite_r
 .text          0x00006c2c       0xa0 c:/actel/libero_v9.1/softconsole/sourcery-g++/bin/../lib/gcc/arm-none-eabi/4.4.1/../../../../arm-none-eabi/lib/thumb2\libc.a(lib_a-fwalk.o)
                0x00006c2c                _fwalk_reent
                0x00006c80                _fwalk
 .text          0x00006ccc       0x74 c:/actel/libero_v9.1/softconsole/sourcery-g++/bin/../lib/gcc/arm-none-eabi/4.4.1/../../../../arm-none-eabi/lib/thumb2\libc.a(lib_a-locale.o)
                0x00006ccc                __locale_charset
                0x00006cd8                _localeconv_r
                0x00006ce0                localeconv
                0x00006ce8                _setlocale_r
                0x00006d30                setlocale
 .text          0x00006d40       0xdc c:/actel/libero_v9.1/softconsole/sourcery-g++/bin/../lib/gcc/arm-none-eabi/4.4.1/../../../../arm-none-eabi/lib/thumb2\libc.a(lib_a-makebuf.o)
                0x00006d40                __smakebuf_r
 .text          0x00006e1c       0x20 c:/actel/libero_v9.1/softconsole/sourcery-g++/bin/../lib/gcc/arm-none-eabi/4.4.1/../../../../arm-none-eabi/lib/thumb2\libc.a(lib_a-malloc.o)
                0x00006e1c                free
                0x00006e2c                malloc
 .text          0x00006e3c      0x5a4 c:/actel/libero_v9.1/softconsole/sourcery-g++/bin/../lib/gcc/arm-none-eabi/4.4.1/../../../../arm-none-eabi/lib/thumb2\libc.a(lib_a-mallocr.o)
                0x00006e3c                _malloc_r
 .text          0x000073e0       0x74 c:/actel/libero_v9.1/softconsole/sourcery-g++/bin/../lib/gcc/arm-none-eabi/4.4.1/../../../../arm-none-eabi/lib/thumb2\libc.a(lib_a-memchr.o)
                0x000073e0                memchr
 .text          0x00007454      0x190 c:/actel/libero_v9.1/softconsole/sourcery-g++/bin/../lib/gcc/arm-none-eabi/4.4.1/../../../../arm-none-eabi/lib/thumb2\libc.a(lib_a-memcpy.o)
                0x00007454                memcpy
 .text          0x000075e4       0xb8 c:/actel/libero_v9.1/softconsole/sourcery-g++/bin/../lib/gcc/arm-none-eabi/4.4.1/../../../../arm-none-eabi/lib/thumb2\libc.a(lib_a-memmove.o)
                0x000075e4                memmove
 .text          0x0000769c       0xd4 c:/actel/libero_v9.1/softconsole/sourcery-g++/bin/../lib/gcc/arm-none-eabi/4.4.1/../../../../arm-none-eabi/lib/thumb2\libc.a(lib_a-memset.o)
                0x0000769c                memset
 .text          0x00007770        0x8 c:/actel/libero_v9.1/softconsole/sourcery-g++/bin/../lib/gcc/arm-none-eabi/4.4.1/../../../../arm-none-eabi/lib/thumb2\libc.a(lib_a-mlock.o)
                0x00007770                __malloc_lock
                0x00007774                __malloc_unlock
 .text          0x00007778      0x958 c:/actel/libero_v9.1/softconsole/sourcery-g++/bin/../lib/gcc/arm-none-eabi/4.4.1/../../../../arm-none-eabi/lib/thumb2\libc.a(lib_a-mprec.o)
                0x00007778                __hi0bits
                0x000077b8                __lo0bits
                0x0000781c                __mcmp
                0x0000785c                __ulp
                0x000078a8                __b2d
                0x00007950                __ratio
                0x000079b0                _mprec_log10
                0x000079e8                __copybits
                0x00007a38                __any_on
                0x00007a90                _Bfree
                0x00007ac8                _Balloc
                0x00007b34                __d2b
                0x00007c04                __mdiff
                0x00007cfc                __lshift
                0x00007db8                __multiply
                0x00007eec                __i2b
                0x00007f00                __multadd
                0x00007f88                __pow5mult
                0x00008034                __s2b
 .text          0x000080d0      0x3b4 c:/actel/libero_v9.1/softconsole/sourcery-g++/bin/../lib/gcc/arm-none-eabi/4.4.1/../../../../arm-none-eabi/lib/thumb2\libc.a(lib_a-reallocr.o)
                0x000080d0                _realloc_r
 .text          0x00008484       0x24 c:/actel/libero_v9.1/softconsole/sourcery-g++/bin/../lib/gcc/arm-none-eabi/4.4.1/../../../../arm-none-eabi/lib/thumb2\libc.a(lib_a-s_isinfd.o)
                0x00008484                __isinfd
 .text          0x000084a8       0x1c c:/actel/libero_v9.1/softconsole/sourcery-g++/bin/../lib/gcc/arm-none-eabi/4.4.1/../../../../arm-none-eabi/lib/thumb2\libc.a(lib_a-s_isnand.o)
                0x000084a8                __isnand
 .text          0x000084c4       0x28 c:/actel/libero_v9.1/softconsole/sourcery-g++/bin/../lib/gcc/arm-none-eabi/4.4.1/../../../../arm-none-eabi/lib/thumb2\libc.a(lib_a-sbrkr.o)
                0x000084c4                _sbrk_r
 .text          0x000084ec       0x90 c:/actel/libero_v9.1/softconsole/sourcery-g++/bin/../lib/gcc/arm-none-eabi/4.4.1/../../../../arm-none-eabi/lib/thumb2\libc.a(lib_a-stdio.o)
                0x000084ec                __sclose
                0x000084f4                __sseek
                0x0000851c                __swrite
                0x00008558                __sread
 .text          0x0000857c      0x1dc c:/actel/libero_v9.1/softconsole/sourcery-g++/bin/../lib/gcc/arm-none-eabi/4.4.1/../../../../arm-none-eabi/lib/thumb2\libc.a(lib_a-strcmp.o)
                0x0000857c                strcmp
 .text          0x00008758       0x60 c:/actel/libero_v9.1/softconsole/sourcery-g++/bin/../lib/gcc/arm-none-eabi/4.4.1/../../../../arm-none-eabi/lib/thumb2\libc.a(lib_a-strlen.o)
                0x00008758                strlen
 .text          0x000087b8       0x5c c:/actel/libero_v9.1/softconsole/sourcery-g++/bin/../lib/gcc/arm-none-eabi/4.4.1/../../../../arm-none-eabi/lib/thumb2\libc.a(lib_a-callocr.o)
                0x000087b8                _calloc_r
 .text          0x00008814       0x28 c:/actel/libero_v9.1/softconsole/sourcery-g++/bin/../lib/gcc/arm-none-eabi/4.4.1/../../../../arm-none-eabi/lib/thumb2\libc.a(lib_a-closer.o)
                0x00008814                _close_r
 .text          0x0000883c       0xcc c:/actel/libero_v9.1/softconsole/sourcery-g++/bin/../lib/gcc/arm-none-eabi/4.4.1/../../../../arm-none-eabi/lib/thumb2\libc.a(lib_a-fclose.o)
                0x0000883c                _fclose_r
                0x000088f8                fclose
 .text          0x00008908       0x2c c:/actel/libero_v9.1/softconsole/sourcery-g++/bin/../lib/gcc/arm-none-eabi/4.4.1/../../../../arm-none-eabi/lib/thumb2\libc.a(lib_a-fstatr.o)
                0x00008908                _fstat_r
 .text          0x00008934       0x28 c:/actel/libero_v9.1/softconsole/sourcery-g++/bin/../lib/gcc/arm-none-eabi/4.4.1/../../../../arm-none-eabi/lib/thumb2\libc.a(lib_a-isattyr.o)
                0x00008934                _isatty_r
 .text          0x0000895c       0x2c c:/actel/libero_v9.1/softconsole/sourcery-g++/bin/../lib/gcc/arm-none-eabi/4.4.1/../../../../arm-none-eabi/lib/thumb2\libc.a(lib_a-lseekr.o)
                0x0000895c                _lseek_r
 .text          0x00008988       0x2c c:/actel/libero_v9.1/softconsole/sourcery-g++/bin/../lib/gcc/arm-none-eabi/4.4.1/../../../../arm-none-eabi/lib/thumb2\libc.a(lib_a-readr.o)
                0x00008988                _read_r
 *fill*         0x000089b4        0x4 00
 .text          0x000089b8      0x278 c:/actel/libero_v9.1/softconsole/sourcery-g++/bin/../lib/gcc/arm-none-eabi/4.4.1/thumb2\libgcc.a(_udivsi3.o)
                0x000089b8                __aeabi_uidiv
                0x000089b8                __udivsi3
                0x00008c14                __aeabi_uidivmod
 .text          0x00008c30        0x4 c:/actel/libero_v9.1/softconsole/sourcery-g++/bin/../lib/gcc/arm-none-eabi/4.4.1/thumb2\libgcc.a(_dvmd_tls.o)
                0x00008c30                __aeabi_idiv0
                0x00008c30                __aeabi_ldiv0
 .text          0x00008c34      0x110 c:/actel/libero_v9.1/softconsole/sourcery-g++/bin/../lib/gcc/arm-none-eabi/4.4.1/thumb2\libgcc.a(_arm_cmpdf2.o)
                0x00008c34                __gtdf2
                0x00008c34                __gedf2
                0x00008c3c                __ltdf2
                0x00008c3c                __ledf2
                0x00008c44                __nedf2
                0x00008c44                __eqdf2
                0x00008c44                __cmpdf2
                0x00008cc0                __aeabi_cdrcmple
                0x00008cd0                __aeabi_cdcmpeq
                0x00008cd0                __aeabi_cdcmple
                0x00008ce0                __aeabi_dcmpeq
                0x00008cf4                __aeabi_dcmplt
                0x00008d08                __aeabi_dcmple
                0x00008d1c                __aeabi_dcmpge
                0x00008d30                __aeabi_dcmpgt
 .text          0x00008d44       0x2c c:/actel/libero_v9.1/softconsole/sourcery-g++/bin/../lib/gcc/arm-none-eabi/4.4.1/thumb2\libgcc.a(_aeabi_uldivmod.o)
                0x00008d44                __aeabi_uldivmod
 .text          0x00008d70       0x58 c:/actel/libero_v9.1/softconsole/sourcery-g++/bin/../lib/gcc/arm-none-eabi/4.4.1/thumb2\libgcc.a(bpabi.o)
                0x00008d70                __gnu_uldivmod_helper
                0x00008d9c                __gnu_ldivmod_helper
 .text          0x00008dc8      0x364 c:/actel/libero_v9.1/softconsole/sourcery-g++/bin/../lib/gcc/arm-none-eabi/4.4.1/thumb2\libgcc.a(_divdi3.o)
                0x00008dc8                __divdi3
 .text          0x0000912c      0x300 c:/actel/libero_v9.1/softconsole/sourcery-g++/bin/../lib/gcc/arm-none-eabi/4.4.1/thumb2\libgcc.a(_udivdi3.o)
                0x0000912c                __udivdi3
 .text          0x0000942c       0x98 c:/actel/libero_v9.1/softconsole/sourcery-g++/bin/../lib/gcc/arm-none-eabi/4.4.1/../../../../arm-none-eabi/lib/thumb2\libm.a(lib_a-s_cos.o)
                0x0000942c                cos
 .text          0x000094c4       0xa0 c:/actel/libero_v9.1/softconsole/sourcery-g++/bin/../lib/gcc/arm-none-eabi/4.4.1/../../../../arm-none-eabi/lib/thumb2\libm.a(lib_a-s_sin.o)
                0x000094c4                sin
 *fill*         0x00009564        0x4 00
 .text          0x00009568      0x418 c:/actel/libero_v9.1/softconsole/sourcery-g++/bin/../lib/gcc/arm-none-eabi/4.4.1/../../../../arm-none-eabi/lib/thumb2\libm.a(lib_a-e_rem_pio2.o)
                0x00009568                __ieee754_rem_pio2
 .text          0x00009980      0x250 c:/actel/libero_v9.1/softconsole/sourcery-g++/bin/../lib/gcc/arm-none-eabi/4.4.1/../../../../arm-none-eabi/lib/thumb2\libm.a(lib_a-k_cos.o)
                0x00009980                __kernel_cos
 .text          0x00009bd0      0x7b4 c:/actel/libero_v9.1/softconsole/sourcery-g++/bin/../lib/gcc/arm-none-eabi/4.4.1/../../../../arm-none-eabi/lib/thumb2\libm.a(lib_a-k_rem_pio2.o)
                0x00009bd0                __kernel_rem_pio2
 *fill*         0x0000a384        0x4 00
 .text          0x0000a388      0x170 c:/actel/libero_v9.1/softconsole/sourcery-g++/bin/../lib/gcc/arm-none-eabi/4.4.1/../../../../arm-none-eabi/lib/thumb2\libm.a(lib_a-k_sin.o)
                0x0000a388                __kernel_sin
 .text          0x0000a4f8        0x8 c:/actel/libero_v9.1/softconsole/sourcery-g++/bin/../lib/gcc/arm-none-eabi/4.4.1/../../../../arm-none-eabi/lib/thumb2\libm.a(lib_a-s_fabs.o)
                0x0000a4f8                fabs
 .text          0x0000a500      0x128 c:/actel/libero_v9.1/softconsole/sourcery-g++/bin/../lib/gcc/arm-none-eabi/4.4.1/../../../../arm-none-eabi/lib/thumb2\libm.a(lib_a-s_floor.o)
                0x0000a500                floor
 .text          0x0000a628      0x118 c:/actel/libero_v9.1/softconsole/sourcery-g++/bin/../lib/gcc/arm-none-eabi/4.4.1/../../../../arm-none-eabi/lib/thumb2\libm.a(lib_a-s_scalbn.o)
                0x0000a628                scalbn
 .text          0x0000a740       0x18 c:/actel/libero_v9.1/softconsole/sourcery-g++/bin/../lib/gcc/arm-none-eabi/4.4.1/../../../../arm-none-eabi/lib/thumb2\libm.a(lib_a-s_copysign.o)
                0x0000a740                copysign
 .text          0x0000a758      0x2b0 c:/actel/libero_v9.1/softconsole/sourcery-g++/bin/../lib/gcc/arm-none-eabi/4.4.1/thumb2\libgcc.a(_divsi3.o)
                0x0000a758                __divsi3
                0x0000a758                __aeabi_idiv
                0x0000a9ec                __aeabi_idivmod
 *(.plt)
 *(.gnu.warning)
 *(.glue_7t)
 .glue_7t       0x00000000        0x0 linker stubs
 *(.glue_7)
 .glue_7        0x00000000        0x0 linker stubs
 *(.vfp11_veneer)
 .vfp11_veneer  0x00000000        0x0 linker stubs
                0x0000aa08                . = ALIGN (0x4)
 *crtbegin.o(.ctors)
 *(EXCLUDE_FILE(*crtend.o) .ctors)
 *(SORT(.ctors.*))
 *crtend.o(.ctors)
 *crtbegin.o(.dtors)
 *(EXCLUDE_FILE(*crtend.o) .dtors)
 *(SORT(.dtors.*))
 *crtend.o(.dtors)
 *(.rodata .rodata.* .gnu.linkonce.r.*)
 .rodata        0x0000aa08        0x4 ./display.o
 .rodata        0x0000aa0c       0x18 ./main.o
 .rodata.str1.4
                0x0000aa24       0x1a C:/Users/rwooster/Documents/base_station/SoftConsole/controller_MSS_MSS_CM3_0/controller_MSS_MSS_CM3_0_hw_platform/Debug/CMSIS/startup_gcc/newlib_stubs.o
                                 0x1c (size before relaxing)
 *fill*         0x0000aa3e        0x2 00
 .rodata.str1.4
                0x0000aa40       0x27 C:\Users\rwooster\Documents\base_station\SoftConsole\controller_MSS_MSS_CM3_0\controller_MSS_MSS_CM3_0_hw_platform\Debug\libcontroller_MSS_MSS_CM3_0_hw_platform.a(core_uart_apb.o)
                                 0x28 (size before relaxing)
 *fill*         0x0000aa67        0x1 00
 .rodata.C.16.2565
                0x0000aa68       0x10 C:\Users\rwooster\Documents\base_station\SoftConsole\controller_MSS_MSS_CM3_0\controller_MSS_MSS_CM3_0_hw_platform\Debug\libcontroller_MSS_MSS_CM3_0_hw_platform.a(system_a2fxxxm3.o)
 .rodata        0x0000aa78        0x4 c:/actel/libero_v9.1/softconsole/sourcery-g++/bin/../lib/gcc/arm-none-eabi/4.4.1/../../../../arm-none-eabi/lib/thumb2\libc.a(lib_a-impure.o)
                0x0000aa78                _global_impure_ptr
 .rodata.str1.4
                0x0000aa7c        0x2 c:/actel/libero_v9.1/softconsole/sourcery-g++/bin/../lib/gcc/arm-none-eabi/4.4.1/../../../../arm-none-eabi/lib/thumb2\libc.a(lib_a-impure.o)
                                  0x4 (size before relaxing)
 *fill*         0x0000aa7e        0x2 00
 .rodata        0x0000aa80       0x20 c:/actel/libero_v9.1/softconsole/sourcery-g++/bin/../lib/gcc/arm-none-eabi/4.4.1/../../../../arm-none-eabi/lib/thumb2\libc.a(lib_a-svfprintf.o)
 .rodata.str1.4
                0x0000aaa0       0x42 c:/actel/libero_v9.1/softconsole/sourcery-g++/bin/../lib/gcc/arm-none-eabi/4.4.1/../../../../arm-none-eabi/lib/thumb2\libc.a(lib_a-svfprintf.o)
                                 0x44 (size before relaxing)
 *fill*         0x0000aae2        0x2 00
 .rodata        0x0000aae4       0x20 c:/actel/libero_v9.1/softconsole/sourcery-g++/bin/../lib/gcc/arm-none-eabi/4.4.1/../../../../arm-none-eabi/lib/thumb2\libc.a(lib_a-vfprintf.o)
 .rodata.str1.4
                0x00000000       0x44 c:/actel/libero_v9.1/softconsole/sourcery-g++/bin/../lib/gcc/arm-none-eabi/4.4.1/../../../../arm-none-eabi/lib/thumb2\libc.a(lib_a-vfprintf.o)
 .rodata.str1.4
                0x0000ab04       0x10 c:/actel/libero_v9.1/softconsole/sourcery-g++/bin/../lib/gcc/arm-none-eabi/4.4.1/../../../../arm-none-eabi/lib/thumb2\libc.a(lib_a-dtoa.o)
                                 0x14 (size before relaxing)
 .rodata        0x0000ab14       0x60 c:/actel/libero_v9.1/softconsole/sourcery-g++/bin/../lib/gcc/arm-none-eabi/4.4.1/../../../../arm-none-eabi/lib/thumb2\libc.a(lib_a-findfp.o)
                0x0000ab14                __sf_fake_stdin
                0x0000ab34                __sf_fake_stdout
                0x0000ab54                __sf_fake_stderr
 .rodata        0x0000ab74       0x34 c:/actel/libero_v9.1/softconsole/sourcery-g++/bin/../lib/gcc/arm-none-eabi/4.4.1/../../../../arm-none-eabi/lib/thumb2\libc.a(lib_a-locale.o)
 .rodata.str1.4
                0x0000aba8       0x10 c:/actel/libero_v9.1/softconsole/sourcery-g++/bin/../lib/gcc/arm-none-eabi/4.4.1/../../../../arm-none-eabi/lib/thumb2\libc.a(lib_a-locale.o)
                                 0x18 (size before relaxing)
 .rodata        0x0000abb8      0x128 c:/actel/libero_v9.1/softconsole/sourcery-g++/bin/../lib/gcc/arm-none-eabi/4.4.1/../../../../arm-none-eabi/lib/thumb2\libc.a(lib_a-mprec.o)
                0x0000abb8                __mprec_tens
                0x0000ac90                __mprec_bigtens
                0x0000acb8                __mprec_tinytens
 .rodata        0x0000ace0      0x188 c:/actel/libero_v9.1/softconsole/sourcery-g++/bin/../lib/gcc/arm-none-eabi/4.4.1/../../../../arm-none-eabi/lib/thumb2\libm.a(lib_a-e_rem_pio2.o)
 .rodata        0x0000ae68       0x50 c:/actel/libero_v9.1/softconsole/sourcery-g++/bin/../lib/gcc/arm-none-eabi/4.4.1/../../../../arm-none-eabi/lib/thumb2\libm.a(lib_a-k_rem_pio2.o)
 *(.ARM.extab* .gnu.linkonce.armextab.*)
 *(.gcc_except_table)
 *(.eh_frame_hdr)
 *(.eh_frame)
 *(.init)
 .init          0x0000aeb8        0x4 c:/actel/libero_v9.1/softconsole/sourcery-g++/bin/../lib/gcc/arm-none-eabi/4.4.1/thumb2/crti.o
                0x0000aeb8                _init
 .init          0x0000aebc        0x8 c:/actel/libero_v9.1/softconsole/sourcery-g++/bin/../lib/gcc/arm-none-eabi/4.4.1/thumb2/crtn.o
 *(.fini)
 .fini          0x0000aec4        0x4 c:/actel/libero_v9.1/softconsole/sourcery-g++/bin/../lib/gcc/arm-none-eabi/4.4.1/thumb2/crti.o
                0x0000aec4                _fini
 .fini          0x0000aec8        0x8 c:/actel/libero_v9.1/softconsole/sourcery-g++/bin/../lib/gcc/arm-none-eabi/4.4.1/thumb2/crtn.o
                0x0000aed0                PROVIDE (__preinit_array_start, .)
 *(.preinit_array)
                0x0000aed0                PROVIDE (__preinit_array_end, .)
                0x0000aed0                PROVIDE (__init_array_start, .)
 *(SORT(.init_array.*))
 *(.init_array)
 .init_array    0x0000aed0        0x4 c:/actel/libero_v9.1/softconsole/sourcery-g++/bin/../lib/gcc/arm-none-eabi/4.4.1/thumb2/crtbegin.o
                0x0000aed4                PROVIDE (__init_array_end, .)
                0x0000aed4                PROVIDE (__fini_array_start, .)
 *(.fini_array)
 .fini_array    0x0000aed4        0x4 c:/actel/libero_v9.1/softconsole/sourcery-g++/bin/../lib/gcc/arm-none-eabi/4.4.1/thumb2/crtbegin.o
 *(SORT(.fini_array.*))
                0x0000aed8                PROVIDE (__fini_array_end, .)
                0x0000aed8                __exidx_start = .

.v4_bx          0x0000aed8        0x0 load address 0x6000aed8
 .v4_bx         0x00000000        0x0 linker stubs

.ARM.exidx      0x20000000        0x8 load address 0x6000aed8
 *(.ARM.exidx* .gnu.linkonce.armexidx.*)
 .ARM.exidx     0x20000000        0x8 c:/actel/libero_v9.1/softconsole/sourcery-g++/bin/../lib/gcc/arm-none-eabi/4.4.1/thumb2\libgcc.a(_divdi3.o)
 .ARM.exidx     0x20000008        0x0 c:/actel/libero_v9.1/softconsole/sourcery-g++/bin/../lib/gcc/arm-none-eabi/4.4.1/thumb2\libgcc.a(_udivdi3.o)
                                  0x8 (size before relaxing)
                0x20000008                __exidx_end = .
                0x20000008                _etext = .

.data           0x20000008      0x520 load address 0x6000aee0
                0x6000aee0                __data_load = LOADADDR (.data)
                0x6000aee0                _sidata = LOADADDR (.data)
                0x20000008                __data_start = .
                0x20000008                _sdata = .
 *(.jcr)
 .jcr           0x20000008        0x0 c:/actel/libero_v9.1/softconsole/sourcery-g++/bin/../lib/gcc/arm-none-eabi/4.4.1/thumb2/crtbegin.o
 .jcr           0x20000008        0x4 c:/actel/libero_v9.1/softconsole/sourcery-g++/bin/../lib/gcc/arm-none-eabi/4.4.1/thumb2/crtend.o
 *(.got.plt)
 *(.got)
 *(.shdata)
 *(.data .data.* .gnu.linkonce.d.*)
 .data.g_FrequencyACE
                0x2000000c        0x4 C:\Users\rwooster\Documents\base_station\SoftConsole\controller_MSS_MSS_CM3_0\controller_MSS_MSS_CM3_0_hw_platform\Debug\libcontroller_MSS_MSS_CM3_0_hw_platform.a(system_a2fxxxm3.o)
                0x2000000c                g_FrequencyACE
 .data.g_FrequencyFPGA
                0x20000010        0x4 C:\Users\rwooster\Documents\base_station\SoftConsole\controller_MSS_MSS_CM3_0\controller_MSS_MSS_CM3_0_hw_platform\Debug\libcontroller_MSS_MSS_CM3_0_hw_platform.a(system_a2fxxxm3.o)
                0x20000010                g_FrequencyFPGA
 .data.g_FrequencyPCLK0
                0x20000014        0x4 C:\Users\rwooster\Documents\base_station\SoftConsole\controller_MSS_MSS_CM3_0\controller_MSS_MSS_CM3_0_hw_platform\Debug\libcontroller_MSS_MSS_CM3_0_hw_platform.a(system_a2fxxxm3.o)
                0x20000014                g_FrequencyPCLK0
 .data.g_FrequencyPCLK1
                0x20000018        0x4 C:\Users\rwooster\Documents\base_station\SoftConsole\controller_MSS_MSS_CM3_0\controller_MSS_MSS_CM3_0_hw_platform\Debug\libcontroller_MSS_MSS_CM3_0_hw_platform.a(system_a2fxxxm3.o)
                0x20000018                g_FrequencyPCLK1
 .data.SystemCoreClock
                0x2000001c        0x4 C:\Users\rwooster\Documents\base_station\SoftConsole\controller_MSS_MSS_CM3_0\controller_MSS_MSS_CM3_0_hw_platform\Debug\libcontroller_MSS_MSS_CM3_0_hw_platform.a(system_a2fxxxm3.o)
                0x2000001c                SystemCoreClock
 .data.SystemFrequency
                0x20000020        0x4 C:\Users\rwooster\Documents\base_station\SoftConsole\controller_MSS_MSS_CM3_0\controller_MSS_MSS_CM3_0_hw_platform\Debug\libcontroller_MSS_MSS_CM3_0_hw_platform.a(system_a2fxxxm3.o)
                0x20000020                SystemFrequency
 .data          0x20000024       0xf4 c:/actel/libero_v9.1/softconsole/sourcery-g++/bin/../lib/gcc/arm-none-eabi/4.4.1/../../../../arm-none-eabi/lib/thumb2\libc.a(lib_a-impure.o)
                0x20000024                _impure_ptr
 .data          0x20000118      0x410 c:/actel/libero_v9.1/softconsole/sourcery-g++/bin/../lib/gcc/arm-none-eabi/4.4.1/../../../../arm-none-eabi/lib/thumb2\libc.a(lib_a-mallocr.o)
                0x20000118                __malloc_av_
                0x20000520                __malloc_sbrk_base
                0x20000524                __malloc_trim_threshold
                0x20000528                . = ALIGN (0x4)
                0x20000528                _edata = .

.bss            0x20000528       0xb8 load address 0x6000b400
                0x20000528                __bss_start__ = .
                0x20000528                _sbss = .
 *(.shbss)
 *(.bss .bss.* .gnu.linkonce.b.*)
 .bss           0x20000528        0x1 c:/actel/libero_v9.1/softconsole/sourcery-g++/bin/../lib/gcc/arm-none-eabi/4.4.1/thumb2/crtbegin.o
 *fill*         0x20000529        0x3 00
 .bss.g_stdio_uart_init_done
                0x2000052c        0x4 C:/Users/rwooster/Documents/base_station/SoftConsole/controller_MSS_MSS_CM3_0/controller_MSS_MSS_CM3_0_hw_platform/Debug/CMSIS/startup_gcc/newlib_stubs.o
 .bss.heap_end.3583
                0x20000530        0x4 C:/Users/rwooster/Documents/base_station/SoftConsole/controller_MSS_MSS_CM3_0/controller_MSS_MSS_CM3_0_hw_platform/Debug/CMSIS/startup_gcc/newlib_stubs.o
 .bss           0x20000534       0x34 c:/actel/libero_v9.1/softconsole/sourcery-g++/bin/../lib/gcc/arm-none-eabi/4.4.1/../../../../arm-none-eabi/lib/thumb2\libc.a(lib_a-mallocr.o)
                0x20000534                __malloc_top_pad
                0x20000538                __malloc_current_mallinfo
                0x20000560                __malloc_max_sbrked_mem
                0x20000564                __malloc_max_total_mem
 *(COMMON)
 COMMON         0x20000568       0x24 ./main.o
                0x20000568                g_rx_buff
                0x20000578                g_buttons
                0x2000057c                g_kd
                0x20000580                g_kp
                0x20000584                g_ki
                0x20000588                ANGLE
 COMMON         0x2000058c       0x50 C:\Users\rwooster\Documents\base_station\SoftConsole\controller_MSS_MSS_CM3_0\controller_MSS_MSS_CM3_0_hw_platform\Debug\libcontroller_MSS_MSS_CM3_0_hw_platform.a(mss_uart.o)
                0x2000058c                g_mss_uart1
                0x200005b4                g_mss_uart0
 COMMON         0x200005dc        0x4 c:/actel/libero_v9.1/softconsole/sourcery-g++/bin/../lib/gcc/arm-none-eabi/4.4.1/../../../../arm-none-eabi/lib/thumb2\libc.a(lib_a-reent.o)
                0x200005dc                errno
                0x200005e0                . = ALIGN (0x8)
                0x200005e0                __bss_end__ = .
                0x200005e0                _end = .
                0x200005e0                __end = _end
                0x200005e0                _ebss = .
                0x200005e0                PROVIDE (end, .)

.stab
 *(.stab)

.stabstr
 *(.stabstr)

.debug
 *(.debug)

.line
 *(.line)

.debug_srcinfo
 *(.debug_srcinfo)

.debug_sfnames
 *(.debug_sfnames)

.comment        0x00000000      0x158
 .comment       0x00000000       0x2b ./controller.o
 .comment       0x0000002b       0x2b ./display.o
 .comment       0x00000056       0x2b ./main.o
 .comment       0x00000081       0x2b C:/Users/rwooster/Documents/base_station/SoftConsole/controller_MSS_MSS_CM3_0/controller_MSS_MSS_CM3_0_hw_platform/Debug/CMSIS/startup_gcc/newlib_stubs.o
 .comment       0x000000ac       0x2b C:\Users\rwooster\Documents\base_station\SoftConsole\controller_MSS_MSS_CM3_0\controller_MSS_MSS_CM3_0_hw_platform\Debug\libcontroller_MSS_MSS_CM3_0_hw_platform.a(mss_uart.o)
 .comment       0x000000d7       0x2b C:\Users\rwooster\Documents\base_station\SoftConsole\controller_MSS_MSS_CM3_0\controller_MSS_MSS_CM3_0_hw_platform\Debug\libcontroller_MSS_MSS_CM3_0_hw_platform.a(core_uart_apb.o)
 .comment       0x00000102       0x2b C:\Users\rwooster\Documents\base_station\SoftConsole\controller_MSS_MSS_CM3_0\controller_MSS_MSS_CM3_0_hw_platform\Debug\libcontroller_MSS_MSS_CM3_0_hw_platform.a(system_a2fxxxm3.o)
 .comment       0x0000012d       0x2b C:\Users\rwooster\Documents\base_station\SoftConsole\controller_MSS_MSS_CM3_0\controller_MSS_MSS_CM3_0_hw_platform\Debug\libcontroller_MSS_MSS_CM3_0_hw_platform.a(hal_assert.o)

.debug_aranges  0x00000000      0x350
 *(.debug_aranges)
 .debug_aranges
                0x00000000       0x90 ./controller.o
 .debug_aranges
                0x00000090       0x58 ./display.o
 .debug_aranges
                0x000000e8       0x70 ./main.o
 .debug_aranges
                0x00000158       0xa8 C:/Users/rwooster/Documents/base_station/SoftConsole/controller_MSS_MSS_CM3_0/controller_MSS_MSS_CM3_0_hw_platform/Debug/CMSIS/startup_gcc/newlib_stubs.o
 .debug_aranges
                0x00000200       0xc0 C:\Users\rwooster\Documents\base_station\SoftConsole\controller_MSS_MSS_CM3_0\controller_MSS_MSS_CM3_0_hw_platform\Debug\libcontroller_MSS_MSS_CM3_0_hw_platform.a(mss_uart.o)
 .debug_aranges
                0x000002c0       0x48 C:\Users\rwooster\Documents\base_station\SoftConsole\controller_MSS_MSS_CM3_0\controller_MSS_MSS_CM3_0_hw_platform\Debug\libcontroller_MSS_MSS_CM3_0_hw_platform.a(core_uart_apb.o)
 .debug_aranges
                0x00000308       0x28 C:\Users\rwooster\Documents\base_station\SoftConsole\controller_MSS_MSS_CM3_0\controller_MSS_MSS_CM3_0_hw_platform\Debug\libcontroller_MSS_MSS_CM3_0_hw_platform.a(system_a2fxxxm3.o)
 .debug_aranges
                0x00000330       0x20 C:\Users\rwooster\Documents\base_station\SoftConsole\controller_MSS_MSS_CM3_0\controller_MSS_MSS_CM3_0_hw_platform\Debug\libcontroller_MSS_MSS_CM3_0_hw_platform.a(hal_assert.o)

.debug_pubnames
                0x00000000      0x62e
 *(.debug_pubnames)
 .debug_pubnames
                0x00000000       0xba ./controller.o
 .debug_pubnames
                0x000000ba       0x87 ./display.o
 .debug_pubnames
                0x00000141       0x87 ./main.o
 .debug_pubnames
                0x000001c8       0xeb C:/Users/rwooster/Documents/base_station/SoftConsole/controller_MSS_MSS_CM3_0/controller_MSS_MSS_CM3_0_hw_platform/Debug/CMSIS/startup_gcc/newlib_stubs.o
 .debug_pubnames
                0x000002b3      0x21c C:\Users\rwooster\Documents\base_station\SoftConsole\controller_MSS_MSS_CM3_0\controller_MSS_MSS_CM3_0_hw_platform\Debug\libcontroller_MSS_MSS_CM3_0_hw_platform.a(mss_uart.o)
 .debug_pubnames
                0x000004cf       0x85 C:\Users\rwooster\Documents\base_station\SoftConsole\controller_MSS_MSS_CM3_0\controller_MSS_MSS_CM3_0_hw_platform\Debug\libcontroller_MSS_MSS_CM3_0_hw_platform.a(core_uart_apb.o)
 .debug_pubnames
                0x00000554       0xb4 C:\Users\rwooster\Documents\base_station\SoftConsole\controller_MSS_MSS_CM3_0\controller_MSS_MSS_CM3_0_hw_platform\Debug\libcontroller_MSS_MSS_CM3_0_hw_platform.a(system_a2fxxxm3.o)
 .debug_pubnames
                0x00000608       0x26 C:\Users\rwooster\Documents\base_station\SoftConsole\controller_MSS_MSS_CM3_0\controller_MSS_MSS_CM3_0_hw_platform\Debug\libcontroller_MSS_MSS_CM3_0_hw_platform.a(hal_assert.o)

.debug_info     0x00000000     0x5072
 *(.debug_info .gnu.linkonce.wi.*)
 .debug_info    0x00000000      0x337 ./controller.o
 .debug_info    0x00000337      0x3e7 ./display.o
 .debug_info    0x0000071e     0x154d ./main.o
 .debug_info    0x00001c6b     0x10eb C:/Users/rwooster/Documents/base_station/SoftConsole/controller_MSS_MSS_CM3_0/controller_MSS_MSS_CM3_0_hw_platform/Debug/CMSIS/startup_gcc/newlib_stubs.o
 .debug_info    0x00002d56     0x1740 C:\Users\rwooster\Documents\base_station\SoftConsole\controller_MSS_MSS_CM3_0\controller_MSS_MSS_CM3_0_hw_platform\Debug\libcontroller_MSS_MSS_CM3_0_hw_platform.a(mss_uart.o)
 .debug_info    0x00004496      0x53c C:\Users\rwooster\Documents\base_station\SoftConsole\controller_MSS_MSS_CM3_0\controller_MSS_MSS_CM3_0_hw_platform\Debug\libcontroller_MSS_MSS_CM3_0_hw_platform.a(core_uart_apb.o)
 .debug_info    0x000049d2      0x575 C:\Users\rwooster\Documents\base_station\SoftConsole\controller_MSS_MSS_CM3_0\controller_MSS_MSS_CM3_0_hw_platform\Debug\libcontroller_MSS_MSS_CM3_0_hw_platform.a(system_a2fxxxm3.o)
 .debug_info    0x00004f47      0x12b C:\Users\rwooster\Documents\base_station\SoftConsole\controller_MSS_MSS_CM3_0\controller_MSS_MSS_CM3_0_hw_platform\Debug\libcontroller_MSS_MSS_CM3_0_hw_platform.a(hal_assert.o)

.debug_abbrev   0x00000000      0xc4a
 *(.debug_abbrev)
 .debug_abbrev  0x00000000       0x9b ./controller.o
 .debug_abbrev  0x0000009b       0xd5 ./display.o
 .debug_abbrev  0x00000170      0x236 ./main.o
 .debug_abbrev  0x000003a6      0x251 C:/Users/rwooster/Documents/base_station/SoftConsole/controller_MSS_MSS_CM3_0/controller_MSS_MSS_CM3_0_hw_platform/Debug/CMSIS/startup_gcc/newlib_stubs.o
 .debug_abbrev  0x000005f7      0x306 C:\Users\rwooster\Documents\base_station\SoftConsole\controller_MSS_MSS_CM3_0\controller_MSS_MSS_CM3_0_hw_platform\Debug\libcontroller_MSS_MSS_CM3_0_hw_platform.a(mss_uart.o)
 .debug_abbrev  0x000008fd      0x14d C:\Users\rwooster\Documents\base_station\SoftConsole\controller_MSS_MSS_CM3_0\controller_MSS_MSS_CM3_0_hw_platform\Debug\libcontroller_MSS_MSS_CM3_0_hw_platform.a(core_uart_apb.o)
 .debug_abbrev  0x00000a4a      0x154 C:\Users\rwooster\Documents\base_station\SoftConsole\controller_MSS_MSS_CM3_0\controller_MSS_MSS_CM3_0_hw_platform\Debug\libcontroller_MSS_MSS_CM3_0_hw_platform.a(system_a2fxxxm3.o)
 .debug_abbrev  0x00000b9e       0xac C:\Users\rwooster\Documents\base_station\SoftConsole\controller_MSS_MSS_CM3_0\controller_MSS_MSS_CM3_0_hw_platform\Debug\libcontroller_MSS_MSS_CM3_0_hw_platform.a(hal_assert.o)

.debug_line     0x00000000     0x2405
 *(.debug_line)
 .debug_line    0x00000000      0x517 ./controller.o
 .debug_line    0x00000517      0x517 ./display.o
 .debug_line    0x00000a2e      0x7a3 ./main.o
 .debug_line    0x000011d1      0x503 C:/Users/rwooster/Documents/base_station/SoftConsole/controller_MSS_MSS_CM3_0/controller_MSS_MSS_CM3_0_hw_platform/Debug/CMSIS/startup_gcc/newlib_stubs.o
 .debug_line    0x000016d4      0x5d5 C:\Users\rwooster\Documents\base_station\SoftConsole\controller_MSS_MSS_CM3_0\controller_MSS_MSS_CM3_0_hw_platform\Debug\libcontroller_MSS_MSS_CM3_0_hw_platform.a(mss_uart.o)
 .debug_line    0x00001ca9      0x2e5 C:\Users\rwooster\Documents\base_station\SoftConsole\controller_MSS_MSS_CM3_0\controller_MSS_MSS_CM3_0_hw_platform\Debug\libcontroller_MSS_MSS_CM3_0_hw_platform.a(core_uart_apb.o)
 .debug_line    0x00001f8e      0x26d C:\Users\rwooster\Documents\base_station\SoftConsole\controller_MSS_MSS_CM3_0\controller_MSS_MSS_CM3_0_hw_platform\Debug\libcontroller_MSS_MSS_CM3_0_hw_platform.a(system_a2fxxxm3.o)
 .debug_line    0x000021fb      0x20a C:\Users\rwooster\Documents\base_station\SoftConsole\controller_MSS_MSS_CM3_0\controller_MSS_MSS_CM3_0_hw_platform\Debug\libcontroller_MSS_MSS_CM3_0_hw_platform.a(hal_assert.o)

.debug_frame    0x00000000     0x17b0
 *(.debug_frame)
 .debug_frame   0x00000000      0x1b8 ./controller.o
 .debug_frame   0x000001b8      0x110 ./display.o
 .debug_frame   0x000002c8      0x158 ./main.o
 .debug_frame   0x00000420      0x174 C:/Users/rwooster/Documents/base_station/SoftConsole/controller_MSS_MSS_CM3_0/controller_MSS_MSS_CM3_0_hw_platform/Debug/CMSIS/startup_gcc/newlib_stubs.o
 .debug_frame   0x00000594      0x1f0 C:\Users\rwooster\Documents\base_station\SoftConsole\controller_MSS_MSS_CM3_0\controller_MSS_MSS_CM3_0_hw_platform\Debug\libcontroller_MSS_MSS_CM3_0_hw_platform.a(mss_uart.o)
 .debug_frame   0x00000784       0xdc C:\Users\rwooster\Documents\base_station\SoftConsole\controller_MSS_MSS_CM3_0\controller_MSS_MSS_CM3_0_hw_platform\Debug\libcontroller_MSS_MSS_CM3_0_hw_platform.a(core_uart_apb.o)
 .debug_frame   0x00000860       0x3c C:\Users\rwooster\Documents\base_station\SoftConsole\controller_MSS_MSS_CM3_0\controller_MSS_MSS_CM3_0_hw_platform\Debug\libcontroller_MSS_MSS_CM3_0_hw_platform.a(system_a2fxxxm3.o)
 .debug_frame   0x0000089c       0x24 C:\Users\rwooster\Documents\base_station\SoftConsole\controller_MSS_MSS_CM3_0\controller_MSS_MSS_CM3_0_hw_platform\Debug\libcontroller_MSS_MSS_CM3_0_hw_platform.a(hal_assert.o)
 .debug_frame   0x000008c0       0x20 c:/actel/libero_v9.1/softconsole/sourcery-g++/bin/../lib/gcc/arm-none-eabi/4.4.1/../../../../arm-none-eabi/lib/thumb2\libc.a(lib_a-errno.o)
 .debug_frame   0x000008e0       0x2c c:/actel/libero_v9.1/softconsole/sourcery-g++/bin/../lib/gcc/arm-none-eabi/4.4.1/../../../../arm-none-eabi/lib/thumb2\libc.a(lib_a-init.o)
 .debug_frame   0x0000090c       0x5c c:/actel/libero_v9.1/softconsole/sourcery-g++/bin/../lib/gcc/arm-none-eabi/4.4.1/../../../../arm-none-eabi/lib/thumb2\libc.a(lib_a-printf.o)
 .debug_frame   0x00000968       0x5c c:/actel/libero_v9.1/softconsole/sourcery-g++/bin/../lib/gcc/arm-none-eabi/4.4.1/../../../../arm-none-eabi/lib/thumb2\libc.a(lib_a-sprintf.o)
 .debug_frame   0x000009c4       0x68 c:/actel/libero_v9.1/softconsole/sourcery-g++/bin/../lib/gcc/arm-none-eabi/4.4.1/../../../../arm-none-eabi/lib/thumb2\libc.a(lib_a-svfprintf.o)
 .debug_frame   0x00000a2c       0x70 c:/actel/libero_v9.1/softconsole/sourcery-g++/bin/../lib/gcc/arm-none-eabi/4.4.1/../../../../arm-none-eabi/lib/thumb2\libc.a(lib_a-vfprintf.o)
 .debug_frame   0x00000a9c       0x2c c:/actel/libero_v9.1/softconsole/sourcery-g++/bin/../lib/gcc/arm-none-eabi/4.4.1/../../../../arm-none-eabi/lib/thumb2\libc.a(lib_a-wsetup.o)
 .debug_frame   0x00000ac8       0x64 c:/actel/libero_v9.1/softconsole/sourcery-g++/bin/../lib/gcc/arm-none-eabi/4.4.1/../../../../arm-none-eabi/lib/thumb2\libc.a(lib_a-dtoa.o)
 .debug_frame   0x00000b2c       0x40 c:/actel/libero_v9.1/softconsole/sourcery-g++/bin/../lib/gcc/arm-none-eabi/4.4.1/../../../../arm-none-eabi/lib/thumb2\libc.a(lib_a-fflush.o)
 .debug_frame   0x00000b6c      0x11c c:/actel/libero_v9.1/softconsole/sourcery-g++/bin/../lib/gcc/arm-none-eabi/4.4.1/../../../../arm-none-eabi/lib/thumb2\libc.a(lib_a-findfp.o)
 .debug_frame   0x00000c88       0x50 c:/actel/libero_v9.1/softconsole/sourcery-g++/bin/../lib/gcc/arm-none-eabi/4.4.1/../../../../arm-none-eabi/lib/thumb2\libc.a(lib_a-freer.o)
 .debug_frame   0x00000cd8       0x3c c:/actel/libero_v9.1/softconsole/sourcery-g++/bin/../lib/gcc/arm-none-eabi/4.4.1/../../../../arm-none-eabi/lib/thumb2\libc.a(lib_a-fvwrite.o)
 .debug_frame   0x00000d14       0x54 c:/actel/libero_v9.1/softconsole/sourcery-g++/bin/../lib/gcc/arm-none-eabi/4.4.1/../../../../arm-none-eabi/lib/thumb2\libc.a(lib_a-fwalk.o)
 .debug_frame   0x00000d68       0x6c c:/actel/libero_v9.1/softconsole/sourcery-g++/bin/../lib/gcc/arm-none-eabi/4.4.1/../../../../arm-none-eabi/lib/thumb2\libc.a(lib_a-locale.o)
 .debug_frame   0x00000dd4       0x34 c:/actel/libero_v9.1/softconsole/sourcery-g++/bin/../lib/gcc/arm-none-eabi/4.4.1/../../../../arm-none-eabi/lib/thumb2\libc.a(lib_a-makebuf.o)
 .debug_frame   0x00000e08       0x30 c:/actel/libero_v9.1/softconsole/sourcery-g++/bin/../lib/gcc/arm-none-eabi/4.4.1/../../../../arm-none-eabi/lib/thumb2\libc.a(lib_a-malloc.o)
 .debug_frame   0x00000e38       0x3c c:/actel/libero_v9.1/softconsole/sourcery-g++/bin/../lib/gcc/arm-none-eabi/4.4.1/../../../../arm-none-eabi/lib/thumb2\libc.a(lib_a-mallocr.o)
 .debug_frame   0x00000e74       0x28 c:/actel/libero_v9.1/softconsole/sourcery-g++/bin/../lib/gcc/arm-none-eabi/4.4.1/../../../../arm-none-eabi/lib/thumb2\libc.a(lib_a-memchr.o)
 .debug_frame   0x00000e9c       0x34 c:/actel/libero_v9.1/softconsole/sourcery-g++/bin/../lib/gcc/arm-none-eabi/4.4.1/../../../../arm-none-eabi/lib/thumb2\libc.a(lib_a-memcpy.o)
 .debug_frame   0x00000ed0       0x2c c:/actel/libero_v9.1/softconsole/sourcery-g++/bin/../lib/gcc/arm-none-eabi/4.4.1/../../../../arm-none-eabi/lib/thumb2\libc.a(lib_a-memmove.o)
 .debug_frame   0x00000efc       0x28 c:/actel/libero_v9.1/softconsole/sourcery-g++/bin/../lib/gcc/arm-none-eabi/4.4.1/../../../../arm-none-eabi/lib/thumb2\libc.a(lib_a-memset.o)
 .debug_frame   0x00000f24       0x30 c:/actel/libero_v9.1/softconsole/sourcery-g++/bin/../lib/gcc/arm-none-eabi/4.4.1/../../../../arm-none-eabi/lib/thumb2\libc.a(lib_a-mlock.o)
 .debug_frame   0x00000f54      0x240 c:/actel/libero_v9.1/softconsole/sourcery-g++/bin/../lib/gcc/arm-none-eabi/4.4.1/../../../../arm-none-eabi/lib/thumb2\libc.a(lib_a-mprec.o)
 .debug_frame   0x00001194       0x3c c:/actel/libero_v9.1/softconsole/sourcery-g++/bin/../lib/gcc/arm-none-eabi/4.4.1/../../../../arm-none-eabi/lib/thumb2\libc.a(lib_a-reallocr.o)
 .debug_frame   0x000011d0       0x20 c:/actel/libero_v9.1/softconsole/sourcery-g++/bin/../lib/gcc/arm-none-eabi/4.4.1/../../../../arm-none-eabi/lib/thumb2\libc.a(lib_a-s_isinfd.o)
 .debug_frame   0x000011f0       0x20 c:/actel/libero_v9.1/softconsole/sourcery-g++/bin/../lib/gcc/arm-none-eabi/4.4.1/../../../../arm-none-eabi/lib/thumb2\libc.a(lib_a-s_isnand.o)
 .debug_frame   0x00001210       0x2c c:/actel/libero_v9.1/softconsole/sourcery-g++/bin/../lib/gcc/arm-none-eabi/4.4.1/../../../../arm-none-eabi/lib/thumb2\libc.a(lib_a-sbrkr.o)
 .debug_frame   0x0000123c       0x70 c:/actel/libero_v9.1/softconsole/sourcery-g++/bin/../lib/gcc/arm-none-eabi/4.4.1/../../../../arm-none-eabi/lib/thumb2\libc.a(lib_a-stdio.o)
 .debug_frame   0x000012ac       0x30 c:/actel/libero_v9.1/softconsole/sourcery-g++/bin/../lib/gcc/arm-none-eabi/4.4.1/../../../../arm-none-eabi/lib/thumb2\libc.a(lib_a-strcmp.o)
 .debug_frame   0x000012dc       0x20 c:/actel/libero_v9.1/softconsole/sourcery-g++/bin/../lib/gcc/arm-none-eabi/4.4.1/../../../../arm-none-eabi/lib/thumb2\libc.a(lib_a-strlen.o)
 .debug_frame   0x000012fc       0x2c c:/actel/libero_v9.1/softconsole/sourcery-g++/bin/../lib/gcc/arm-none-eabi/4.4.1/../../../../arm-none-eabi/lib/thumb2\libc.a(lib_a-callocr.o)
 .debug_frame   0x00001328       0x2c c:/actel/libero_v9.1/softconsole/sourcery-g++/bin/../lib/gcc/arm-none-eabi/4.4.1/../../../../arm-none-eabi/lib/thumb2\libc.a(lib_a-closer.o)
 .debug_frame   0x00001354       0x3c c:/actel/libero_v9.1/softconsole/sourcery-g++/bin/../lib/gcc/arm-none-eabi/4.4.1/../../../../arm-none-eabi/lib/thumb2\libc.a(lib_a-fclose.o)
 .debug_frame   0x00001390       0x2c c:/actel/libero_v9.1/softconsole/sourcery-g++/bin/../lib/gcc/arm-none-eabi/4.4.1/../../../../arm-none-eabi/lib/thumb2\libc.a(lib_a-fstatr.o)
 .debug_frame   0x000013bc       0x2c c:/actel/libero_v9.1/softconsole/sourcery-g++/bin/../lib/gcc/arm-none-eabi/4.4.1/../../../../arm-none-eabi/lib/thumb2\libc.a(lib_a-isattyr.o)
 .debug_frame   0x000013e8       0x2c c:/actel/libero_v9.1/softconsole/sourcery-g++/bin/../lib/gcc/arm-none-eabi/4.4.1/../../../../arm-none-eabi/lib/thumb2\libc.a(lib_a-lseekr.o)
 .debug_frame   0x00001414       0x2c c:/actel/libero_v9.1/softconsole/sourcery-g++/bin/../lib/gcc/arm-none-eabi/4.4.1/../../../../arm-none-eabi/lib/thumb2\libc.a(lib_a-readr.o)
 .debug_frame   0x00001440       0x64 c:/actel/libero_v9.1/softconsole/sourcery-g++/bin/../lib/gcc/arm-none-eabi/4.4.1/../../../../arm-none-eabi/lib/thumb2\libc.a(lib_a-reent.o)
 .debug_frame   0x000014a4       0x20 c:/actel/libero_v9.1/softconsole/sourcery-g++/bin/../lib/gcc/arm-none-eabi/4.4.1/thumb2\libgcc.a(_udivsi3.o)
 .debug_frame   0x000014c4       0x50 c:/actel/libero_v9.1/softconsole/sourcery-g++/bin/../lib/gcc/arm-none-eabi/4.4.1/thumb2\libgcc.a(bpabi.o)
 .debug_frame   0x00001514       0x3c c:/actel/libero_v9.1/softconsole/sourcery-g++/bin/../lib/gcc/arm-none-eabi/4.4.1/thumb2\libgcc.a(_divdi3.o)
 .debug_frame   0x00001550       0x3c c:/actel/libero_v9.1/softconsole/sourcery-g++/bin/../lib/gcc/arm-none-eabi/4.4.1/thumb2\libgcc.a(_udivdi3.o)
 .debug_frame   0x0000158c       0x34 c:/actel/libero_v9.1/softconsole/sourcery-g++/bin/../lib/gcc/arm-none-eabi/4.4.1/../../../../arm-none-eabi/lib/thumb2\libm.a(lib_a-s_cos.o)
 .debug_frame   0x000015c0       0x34 c:/actel/libero_v9.1/softconsole/sourcery-g++/bin/../lib/gcc/arm-none-eabi/4.4.1/../../../../arm-none-eabi/lib/thumb2\libm.a(lib_a-s_sin.o)
 .debug_frame   0x000015f4       0x3c c:/actel/libero_v9.1/softconsole/sourcery-g++/bin/../lib/gcc/arm-none-eabi/4.4.1/../../../../arm-none-eabi/lib/thumb2\libm.a(lib_a-e_rem_pio2.o)
 .debug_frame   0x00001630       0x3c c:/actel/libero_v9.1/softconsole/sourcery-g++/bin/../lib/gcc/arm-none-eabi/4.4.1/../../../../arm-none-eabi/lib/thumb2\libm.a(lib_a-k_cos.o)
 .debug_frame   0x0000166c       0x3c c:/actel/libero_v9.1/softconsole/sourcery-g++/bin/../lib/gcc/arm-none-eabi/4.4.1/../../../../arm-none-eabi/lib/thumb2\libm.a(lib_a-k_rem_pio2.o)
 .debug_frame   0x000016a8       0x3c c:/actel/libero_v9.1/softconsole/sourcery-g++/bin/../lib/gcc/arm-none-eabi/4.4.1/../../../../arm-none-eabi/lib/thumb2\libm.a(lib_a-k_sin.o)
 .debug_frame   0x000016e4       0x20 c:/actel/libero_v9.1/softconsole/sourcery-g++/bin/../lib/gcc/arm-none-eabi/4.4.1/../../../../arm-none-eabi/lib/thumb2\libm.a(lib_a-s_fabs.o)
 .debug_frame   0x00001704       0x34 c:/actel/libero_v9.1/softconsole/sourcery-g++/bin/../lib/gcc/arm-none-eabi/4.4.1/../../../../arm-none-eabi/lib/thumb2\libm.a(lib_a-s_floor.o)
 .debug_frame   0x00001738       0x30 c:/actel/libero_v9.1/softconsole/sourcery-g++/bin/../lib/gcc/arm-none-eabi/4.4.1/../../../../arm-none-eabi/lib/thumb2\libm.a(lib_a-s_scalbn.o)
 .debug_frame   0x00001768       0x28 c:/actel/libero_v9.1/softconsole/sourcery-g++/bin/../lib/gcc/arm-none-eabi/4.4.1/../../../../arm-none-eabi/lib/thumb2\libm.a(lib_a-s_copysign.o)
 .debug_frame   0x00001790       0x20 c:/actel/libero_v9.1/softconsole/sourcery-g++/bin/../lib/gcc/arm-none-eabi/4.4.1/thumb2\libgcc.a(_divsi3.o)

.debug_str      0x00000000     0x1cae
 *(.debug_str)
 .debug_str     0x00000000      0x172 ./controller.o
                                0x1b3 (size before relaxing)
 .debug_str     0x00000172       0xbb ./display.o
                                0x1e5 (size before relaxing)
 .debug_str     0x0000022d     0x1334 ./main.o
                               0x14f5 (size before relaxing)
 .debug_str     0x00001561      0x27a C:/Users/rwooster/Documents/base_station/SoftConsole/controller_MSS_MSS_CM3_0/controller_MSS_MSS_CM3_0_hw_platform/Debug/CMSIS/startup_gcc/newlib_stubs.o
                               0x10b9 (size before relaxing)
 .debug_str     0x000017db      0x2fb C:\Users\rwooster\Documents\base_station\SoftConsole\controller_MSS_MSS_CM3_0\controller_MSS_MSS_CM3_0_hw_platform\Debug\libcontroller_MSS_MSS_CM3_0_hw_platform.a(mss_uart.o)
                               0x14ca (size before relaxing)
 .debug_str     0x00001ad6       0x88 C:\Users\rwooster\Documents\base_station\SoftConsole\controller_MSS_MSS_CM3_0\controller_MSS_MSS_CM3_0_hw_platform\Debug\libcontroller_MSS_MSS_CM3_0_hw_platform.a(core_uart_apb.o)
                                0x291 (size before relaxing)
 .debug_str     0x00001b5e       0xf7 C:\Users\rwooster\Documents\base_station\SoftConsole\controller_MSS_MSS_CM3_0\controller_MSS_MSS_CM3_0_hw_platform\Debug\libcontroller_MSS_MSS_CM3_0_hw_platform.a(system_a2fxxxm3.o)
                                0x46d (size before relaxing)
 .debug_str     0x00001c55       0x59 C:\Users\rwooster\Documents\base_station\SoftConsole\controller_MSS_MSS_CM3_0\controller_MSS_MSS_CM3_0_hw_platform\Debug\libcontroller_MSS_MSS_CM3_0_hw_platform.a(hal_assert.o)
                                0x188 (size before relaxing)

.debug_loc      0x00000000     0x17a8
 *(.debug_loc)
 .debug_loc     0x00000000      0x339 ./controller.o
 .debug_loc     0x00000339      0x1b9 ./display.o
 .debug_loc     0x000004f2      0x239 ./main.o
 .debug_loc     0x0000072b      0x30d C:/Users/rwooster/Documents/base_station/SoftConsole/controller_MSS_MSS_CM3_0/controller_MSS_MSS_CM3_0_hw_platform/Debug/CMSIS/startup_gcc/newlib_stubs.o
 .debug_loc     0x00000a38      0x894 C:\Users\rwooster\Documents\base_station\SoftConsole\controller_MSS_MSS_CM3_0\controller_MSS_MSS_CM3_0_hw_platform\Debug\libcontroller_MSS_MSS_CM3_0_hw_platform.a(mss_uart.o)
 .debug_loc     0x000012cc      0x3c1 C:\Users\rwooster\Documents\base_station\SoftConsole\controller_MSS_MSS_CM3_0\controller_MSS_MSS_CM3_0_hw_platform\Debug\libcontroller_MSS_MSS_CM3_0_hw_platform.a(core_uart_apb.o)
 .debug_loc     0x0000168d       0xb3 C:\Users\rwooster\Documents\base_station\SoftConsole\controller_MSS_MSS_CM3_0\controller_MSS_MSS_CM3_0_hw_platform\Debug\libcontroller_MSS_MSS_CM3_0_hw_platform.a(system_a2fxxxm3.o)
 .debug_loc     0x00001740       0x68 C:\Users\rwooster\Documents\base_station\SoftConsole\controller_MSS_MSS_CM3_0\controller_MSS_MSS_CM3_0_hw_platform\Debug\libcontroller_MSS_MSS_CM3_0_hw_platform.a(hal_assert.o)

.debug_macinfo  0x00000000    0x30ff3
 *(.debug_macinfo)
 .debug_macinfo
                0x00000000     0x83fe ./controller.o
 .debug_macinfo
                0x000083fe     0x5c2a ./display.o
 .debug_macinfo
                0x0000e028     0x96a1 ./main.o
 .debug_macinfo
                0x000176c9     0x9964 C:/Users/rwooster/Documents/base_station/SoftConsole/controller_MSS_MSS_CM3_0/controller_MSS_MSS_CM3_0_hw_platform/Debug/CMSIS/startup_gcc/newlib_stubs.o
 .debug_macinfo
                0x0002102d     0x63e3 C:\Users\rwooster\Documents\base_station\SoftConsole\controller_MSS_MSS_CM3_0\controller_MSS_MSS_CM3_0_hw_platform\Debug\libcontroller_MSS_MSS_CM3_0_hw_platform.a(mss_uart.o)
 .debug_macinfo
                0x00027410     0x2450 C:\Users\rwooster\Documents\base_station\SoftConsole\controller_MSS_MSS_CM3_0\controller_MSS_MSS_CM3_0_hw_platform\Debug\libcontroller_MSS_MSS_CM3_0_hw_platform.a(core_uart_apb.o)
 .debug_macinfo
                0x00029860     0x5a98 C:\Users\rwooster\Documents\base_station\SoftConsole\controller_MSS_MSS_CM3_0\controller_MSS_MSS_CM3_0_hw_platform\Debug\libcontroller_MSS_MSS_CM3_0_hw_platform.a(system_a2fxxxm3.o)
 .debug_macinfo
                0x0002f2f8     0x1cfb C:\Users\rwooster\Documents\base_station\SoftConsole\controller_MSS_MSS_CM3_0\controller_MSS_MSS_CM3_0_hw_platform\Debug\libcontroller_MSS_MSS_CM3_0_hw_platform.a(hal_assert.o)

.debug_weaknames
 *(.debug_weaknames)

.debug_funcnames
 *(.debug_funcnames)

.debug_typenames
 *(.debug_typenames)

.debug_varnames
 *(.debug_varnames)

.note.gnu.arm.ident
 *(.note.gnu.arm.ident)

.ARM.attributes
                0x00000000       0x25
 *(.ARM.attributes)
 .ARM.attributes
                0x00000000       0x19 c:/actel/libero_v9.1/softconsole/sourcery-g++/bin/../lib/gcc/arm-none-eabi/4.4.1/thumb2/crti.o
 .ARM.attributes
                0x00000019       0x29 c:/actel/libero_v9.1/softconsole/sourcery-g++/bin/../lib/gcc/arm-none-eabi/4.4.1/thumb2/crtbegin.o
 .ARM.attributes
                0x00000042       0x31 ./controller.o
 .ARM.attributes
                0x00000073       0x31 ./display.o
 .ARM.attributes
                0x000000a4       0x31 ./main.o
 .ARM.attributes
                0x000000d5       0x21 C:/Users/rwooster/Documents/base_station/SoftConsole/controller_MSS_MSS_CM3_0/controller_MSS_MSS_CM3_0_hw_platform/Debug/CMSIS/startup_gcc/startup_a2fxxxm3.o
 .ARM.attributes
                0x000000f6       0x31 C:/Users/rwooster/Documents/base_station/SoftConsole/controller_MSS_MSS_CM3_0/controller_MSS_MSS_CM3_0_hw_platform/Debug/CMSIS/startup_gcc/newlib_stubs.o
 .ARM.attributes
                0x00000127       0x31 C:\Users\rwooster\Documents\base_station\SoftConsole\controller_MSS_MSS_CM3_0\controller_MSS_MSS_CM3_0_hw_platform\Debug\libcontroller_MSS_MSS_CM3_0_hw_platform.a(mss_uart.o)
 .ARM.attributes
                0x00000158       0x31 C:\Users\rwooster\Documents\base_station\SoftConsole\controller_MSS_MSS_CM3_0\controller_MSS_MSS_CM3_0_hw_platform\Debug\libcontroller_MSS_MSS_CM3_0_hw_platform.a(core_uart_apb.o)
 .ARM.attributes
                0x00000189       0x31 C:\Users\rwooster\Documents\base_station\SoftConsole\controller_MSS_MSS_CM3_0\controller_MSS_MSS_CM3_0_hw_platform\Debug\libcontroller_MSS_MSS_CM3_0_hw_platform.a(system_a2fxxxm3.o)
 .ARM.attributes
                0x000001ba       0x31 C:\Users\rwooster\Documents\base_station\SoftConsole\controller_MSS_MSS_CM3_0\controller_MSS_MSS_CM3_0_hw_platform\Debug\libcontroller_MSS_MSS_CM3_0_hw_platform.a(hal_assert.o)
 .ARM.attributes
                0x000001eb       0x21 C:\Users\rwooster\Documents\base_station\SoftConsole\controller_MSS_MSS_CM3_0\controller_MSS_MSS_CM3_0_hw_platform\Debug\libcontroller_MSS_MSS_CM3_0_hw_platform.a(hw_reg_access.o)
 .ARM.attributes
                0x0000020c       0x1b c:/actel/libero_v9.1/softconsole/sourcery-g++/bin/../lib/gcc/arm-none-eabi/4.4.1/thumb2\libgcc.a(_arm_addsubdf3.o)
 .ARM.attributes
                0x00000227       0x1b c:/actel/libero_v9.1/softconsole/sourcery-g++/bin/../lib/gcc/arm-none-eabi/4.4.1/thumb2\libgcc.a(_arm_muldivdf3.o)
 .ARM.attributes
                0x00000242       0x1b c:/actel/libero_v9.1/softconsole/sourcery-g++/bin/../lib/gcc/arm-none-eabi/4.4.1/thumb2\libgcc.a(_arm_fixdfsi.o)
 .ARM.attributes
                0x0000025d       0x1b c:/actel/libero_v9.1/softconsole/sourcery-g++/bin/../lib/gcc/arm-none-eabi/4.4.1/thumb2\libgcc.a(_arm_fixunsdfsi.o)
 .ARM.attributes
                0x00000278       0x1b c:/actel/libero_v9.1/softconsole/sourcery-g++/bin/../lib/gcc/arm-none-eabi/4.4.1/thumb2\libgcc.a(_arm_addsubsf3.o)
 .ARM.attributes
                0x00000293       0x1b c:/actel/libero_v9.1/softconsole/sourcery-g++/bin/../lib/gcc/arm-none-eabi/4.4.1/thumb2\libgcc.a(_arm_cmpsf2.o)
 .ARM.attributes
                0x000002ae       0x29 c:/actel/libero_v9.1/softconsole/sourcery-g++/bin/../lib/gcc/arm-none-eabi/4.4.1/../../../../arm-none-eabi/lib/thumb2\libc.a(lib_a-errno.o)
 .ARM.attributes
                0x000002d7       0x29 c:/actel/libero_v9.1/softconsole/sourcery-g++/bin/../lib/gcc/arm-none-eabi/4.4.1/../../../../arm-none-eabi/lib/thumb2\libc.a(lib_a-impure.o)
 .ARM.attributes
                0x00000300       0x29 c:/actel/libero_v9.1/softconsole/sourcery-g++/bin/../lib/gcc/arm-none-eabi/4.4.1/../../../../arm-none-eabi/lib/thumb2\libc.a(lib_a-init.o)
 .ARM.attributes
                0x00000329       0x29 c:/actel/libero_v9.1/softconsole/sourcery-g++/bin/../lib/gcc/arm-none-eabi/4.4.1/../../../../arm-none-eabi/lib/thumb2\libc.a(lib_a-printf.o)
 .ARM.attributes
                0x00000352       0x29 c:/actel/libero_v9.1/softconsole/sourcery-g++/bin/../lib/gcc/arm-none-eabi/4.4.1/../../../../arm-none-eabi/lib/thumb2\libc.a(lib_a-sprintf.o)
 .ARM.attributes
                0x0000037b       0x29 c:/actel/libero_v9.1/softconsole/sourcery-g++/bin/../lib/gcc/arm-none-eabi/4.4.1/../../../../arm-none-eabi/lib/thumb2\libc.a(lib_a-svfprintf.o)
 .ARM.attributes
                0x000003a4       0x29 c:/actel/libero_v9.1/softconsole/sourcery-g++/bin/../lib/gcc/arm-none-eabi/4.4.1/../../../../arm-none-eabi/lib/thumb2\libc.a(lib_a-vfprintf.o)
 .ARM.attributes
                0x000003cd       0x29 c:/actel/libero_v9.1/softconsole/sourcery-g++/bin/../lib/gcc/arm-none-eabi/4.4.1/../../../../arm-none-eabi/lib/thumb2\libc.a(lib_a-wsetup.o)
 .ARM.attributes
                0x000003f6       0x29 c:/actel/libero_v9.1/softconsole/sourcery-g++/bin/../lib/gcc/arm-none-eabi/4.4.1/../../../../arm-none-eabi/lib/thumb2\libc.a(lib_a-dtoa.o)
 .ARM.attributes
                0x0000041f       0x29 c:/actel/libero_v9.1/softconsole/sourcery-g++/bin/../lib/gcc/arm-none-eabi/4.4.1/../../../../arm-none-eabi/lib/thumb2\libc.a(lib_a-fflush.o)
 .ARM.attributes
                0x00000448       0x29 c:/actel/libero_v9.1/softconsole/sourcery-g++/bin/../lib/gcc/arm-none-eabi/4.4.1/../../../../arm-none-eabi/lib/thumb2\libc.a(lib_a-findfp.o)
 .ARM.attributes
                0x00000471       0x29 c:/actel/libero_v9.1/softconsole/sourcery-g++/bin/../lib/gcc/arm-none-eabi/4.4.1/../../../../arm-none-eabi/lib/thumb2\libc.a(lib_a-freer.o)
 .ARM.attributes
                0x0000049a       0x29 c:/actel/libero_v9.1/softconsole/sourcery-g++/bin/../lib/gcc/arm-none-eabi/4.4.1/../../../../arm-none-eabi/lib/thumb2\libc.a(lib_a-fvwrite.o)
 .ARM.attributes
                0x000004c3       0x29 c:/actel/libero_v9.1/softconsole/sourcery-g++/bin/../lib/gcc/arm-none-eabi/4.4.1/../../../../arm-none-eabi/lib/thumb2\libc.a(lib_a-fwalk.o)
 .ARM.attributes
                0x000004ec       0x29 c:/actel/libero_v9.1/softconsole/sourcery-g++/bin/../lib/gcc/arm-none-eabi/4.4.1/../../../../arm-none-eabi/lib/thumb2\libc.a(lib_a-locale.o)
 .ARM.attributes
                0x00000515       0x29 c:/actel/libero_v9.1/softconsole/sourcery-g++/bin/../lib/gcc/arm-none-eabi/4.4.1/../../../../arm-none-eabi/lib/thumb2\libc.a(lib_a-makebuf.o)
 .ARM.attributes
                0x0000053e       0x29 c:/actel/libero_v9.1/softconsole/sourcery-g++/bin/../lib/gcc/arm-none-eabi/4.4.1/../../../../arm-none-eabi/lib/thumb2\libc.a(lib_a-malloc.o)
 .ARM.attributes
                0x00000567       0x29 c:/actel/libero_v9.1/softconsole/sourcery-g++/bin/../lib/gcc/arm-none-eabi/4.4.1/../../../../arm-none-eabi/lib/thumb2\libc.a(lib_a-mallocr.o)
 .ARM.attributes
                0x00000590       0x29 c:/actel/libero_v9.1/softconsole/sourcery-g++/bin/../lib/gcc/arm-none-eabi/4.4.1/../../../../arm-none-eabi/lib/thumb2\libc.a(lib_a-memchr.o)
 .ARM.attributes
                0x000005b9       0x29 c:/actel/libero_v9.1/softconsole/sourcery-g++/bin/../lib/gcc/arm-none-eabi/4.4.1/../../../../arm-none-eabi/lib/thumb2\libc.a(lib_a-memcpy.o)
 .ARM.attributes
                0x000005e2       0x29 c:/actel/libero_v9.1/softconsole/sourcery-g++/bin/../lib/gcc/arm-none-eabi/4.4.1/../../../../arm-none-eabi/lib/thumb2\libc.a(lib_a-memmove.o)
 .ARM.attributes
                0x0000060b       0x29 c:/actel/libero_v9.1/softconsole/sourcery-g++/bin/../lib/gcc/arm-none-eabi/4.4.1/../../../../arm-none-eabi/lib/thumb2\libc.a(lib_a-memset.o)
 .ARM.attributes
                0x00000634       0x29 c:/actel/libero_v9.1/softconsole/sourcery-g++/bin/../lib/gcc/arm-none-eabi/4.4.1/../../../../arm-none-eabi/lib/thumb2\libc.a(lib_a-mlock.o)
 .ARM.attributes
                0x0000065d       0x29 c:/actel/libero_v9.1/softconsole/sourcery-g++/bin/../lib/gcc/arm-none-eabi/4.4.1/../../../../arm-none-eabi/lib/thumb2\libc.a(lib_a-mprec.o)
 .ARM.attributes
                0x00000686       0x29 c:/actel/libero_v9.1/softconsole/sourcery-g++/bin/../lib/gcc/arm-none-eabi/4.4.1/../../../../arm-none-eabi/lib/thumb2\libc.a(lib_a-reallocr.o)
 .ARM.attributes
                0x000006af       0x29 c:/actel/libero_v9.1/softconsole/sourcery-g++/bin/../lib/gcc/arm-none-eabi/4.4.1/../../../../arm-none-eabi/lib/thumb2\libc.a(lib_a-s_isinfd.o)
 .ARM.attributes
                0x000006d8       0x29 c:/actel/libero_v9.1/softconsole/sourcery-g++/bin/../lib/gcc/arm-none-eabi/4.4.1/../../../../arm-none-eabi/lib/thumb2\libc.a(lib_a-s_isnand.o)
 .ARM.attributes
                0x00000701       0x29 c:/actel/libero_v9.1/softconsole/sourcery-g++/bin/../lib/gcc/arm-none-eabi/4.4.1/../../../../arm-none-eabi/lib/thumb2\libc.a(lib_a-sbrkr.o)
 .ARM.attributes
                0x0000072a       0x29 c:/actel/libero_v9.1/softconsole/sourcery-g++/bin/../lib/gcc/arm-none-eabi/4.4.1/../../../../arm-none-eabi/lib/thumb2\libc.a(lib_a-stdio.o)
 .ARM.attributes
                0x00000753       0x29 c:/actel/libero_v9.1/softconsole/sourcery-g++/bin/../lib/gcc/arm-none-eabi/4.4.1/../../../../arm-none-eabi/lib/thumb2\libc.a(lib_a-strcmp.o)
 .ARM.attributes
                0x0000077c       0x29 c:/actel/libero_v9.1/softconsole/sourcery-g++/bin/../lib/gcc/arm-none-eabi/4.4.1/../../../../arm-none-eabi/lib/thumb2\libc.a(lib_a-strlen.o)
 .ARM.attributes
                0x000007a5       0x29 c:/actel/libero_v9.1/softconsole/sourcery-g++/bin/../lib/gcc/arm-none-eabi/4.4.1/../../../../arm-none-eabi/lib/thumb2\libc.a(lib_a-callocr.o)
 .ARM.attributes
                0x000007ce       0x29 c:/actel/libero_v9.1/softconsole/sourcery-g++/bin/../lib/gcc/arm-none-eabi/4.4.1/../../../../arm-none-eabi/lib/thumb2\libc.a(lib_a-closer.o)
 .ARM.attributes
                0x000007f7       0x29 c:/actel/libero_v9.1/softconsole/sourcery-g++/bin/../lib/gcc/arm-none-eabi/4.4.1/../../../../arm-none-eabi/lib/thumb2\libc.a(lib_a-fclose.o)
 .ARM.attributes
                0x00000820       0x29 c:/actel/libero_v9.1/softconsole/sourcery-g++/bin/../lib/gcc/arm-none-eabi/4.4.1/../../../../arm-none-eabi/lib/thumb2\libc.a(lib_a-fstatr.o)
 .ARM.attributes
                0x00000849       0x29 c:/actel/libero_v9.1/softconsole/sourcery-g++/bin/../lib/gcc/arm-none-eabi/4.4.1/../../../../arm-none-eabi/lib/thumb2\libc.a(lib_a-isattyr.o)
 .ARM.attributes
                0x00000872       0x29 c:/actel/libero_v9.1/softconsole/sourcery-g++/bin/../lib/gcc/arm-none-eabi/4.4.1/../../../../arm-none-eabi/lib/thumb2\libc.a(lib_a-lseekr.o)
 .ARM.attributes
                0x0000089b       0x29 c:/actel/libero_v9.1/softconsole/sourcery-g++/bin/../lib/gcc/arm-none-eabi/4.4.1/../../../../arm-none-eabi/lib/thumb2\libc.a(lib_a-readr.o)
 .ARM.attributes
                0x000008c4       0x29 c:/actel/libero_v9.1/softconsole/sourcery-g++/bin/../lib/gcc/arm-none-eabi/4.4.1/../../../../arm-none-eabi/lib/thumb2\libc.a(lib_a-reent.o)
 .ARM.attributes
                0x000008ed       0x1b c:/actel/libero_v9.1/softconsole/sourcery-g++/bin/../lib/gcc/arm-none-eabi/4.4.1/thumb2\libgcc.a(_udivsi3.o)
 .ARM.attributes
                0x00000908       0x1b c:/actel/libero_v9.1/softconsole/sourcery-g++/bin/../lib/gcc/arm-none-eabi/4.4.1/thumb2\libgcc.a(_dvmd_tls.o)
 .ARM.attributes
                0x00000923       0x1b c:/actel/libero_v9.1/softconsole/sourcery-g++/bin/../lib/gcc/arm-none-eabi/4.4.1/thumb2\libgcc.a(_arm_cmpdf2.o)
 .ARM.attributes
                0x0000093e       0x1b c:/actel/libero_v9.1/softconsole/sourcery-g++/bin/../lib/gcc/arm-none-eabi/4.4.1/thumb2\libgcc.a(_aeabi_uldivmod.o)
 .ARM.attributes
                0x00000959       0x29 c:/actel/libero_v9.1/softconsole/sourcery-g++/bin/../lib/gcc/arm-none-eabi/4.4.1/thumb2\libgcc.a(bpabi.o)
 .ARM.attributes
                0x00000982       0x29 c:/actel/libero_v9.1/softconsole/sourcery-g++/bin/../lib/gcc/arm-none-eabi/4.4.1/thumb2\libgcc.a(_divdi3.o)
 .ARM.attributes
                0x000009ab       0x29 c:/actel/libero_v9.1/softconsole/sourcery-g++/bin/../lib/gcc/arm-none-eabi/4.4.1/thumb2\libgcc.a(_udivdi3.o)
 .ARM.attributes
                0x000009d4       0x29 c:/actel/libero_v9.1/softconsole/sourcery-g++/bin/../lib/gcc/arm-none-eabi/4.4.1/thumb2/crtend.o
 .ARM.attributes
                0x000009fd       0x19 c:/actel/libero_v9.1/softconsole/sourcery-g++/bin/../lib/gcc/arm-none-eabi/4.4.1/thumb2/crtn.o
 .ARM.attributes
                0x00000a16       0x29 c:/actel/libero_v9.1/softconsole/sourcery-g++/bin/../lib/gcc/arm-none-eabi/4.4.1/../../../../arm-none-eabi/lib/thumb2\libm.a(lib_a-s_cos.o)
 .ARM.attributes
                0x00000a3f       0x29 c:/actel/libero_v9.1/softconsole/sourcery-g++/bin/../lib/gcc/arm-none-eabi/4.4.1/../../../../arm-none-eabi/lib/thumb2\libm.a(lib_a-s_sin.o)
 .ARM.attributes
                0x00000a68       0x29 c:/actel/libero_v9.1/softconsole/sourcery-g++/bin/../lib/gcc/arm-none-eabi/4.4.1/../../../../arm-none-eabi/lib/thumb2\libm.a(lib_a-e_rem_pio2.o)
 .ARM.attributes
                0x00000a91       0x29 c:/actel/libero_v9.1/softconsole/sourcery-g++/bin/../lib/gcc/arm-none-eabi/4.4.1/../../../../arm-none-eabi/lib/thumb2\libm.a(lib_a-k_cos.o)
 .ARM.attributes
                0x00000aba       0x29 c:/actel/libero_v9.1/softconsole/sourcery-g++/bin/../lib/gcc/arm-none-eabi/4.4.1/../../../../arm-none-eabi/lib/thumb2\libm.a(lib_a-k_rem_pio2.o)
 .ARM.attributes
                0x00000ae3       0x29 c:/actel/libero_v9.1/softconsole/sourcery-g++/bin/../lib/gcc/arm-none-eabi/4.4.1/../../../../arm-none-eabi/lib/thumb2\libm.a(lib_a-k_sin.o)
 .ARM.attributes
                0x00000b0c       0x29 c:/actel/libero_v9.1/softconsole/sourcery-g++/bin/../lib/gcc/arm-none-eabi/4.4.1/../../../../arm-none-eabi/lib/thumb2\libm.a(lib_a-s_fabs.o)
 .ARM.attributes
                0x00000b35       0x29 c:/actel/libero_v9.1/softconsole/sourcery-g++/bin/../lib/gcc/arm-none-eabi/4.4.1/../../../../arm-none-eabi/lib/thumb2\libm.a(lib_a-s_floor.o)
 .ARM.attributes
                0x00000b5e       0x29 c:/actel/libero_v9.1/softconsole/sourcery-g++/bin/../lib/gcc/arm-none-eabi/4.4.1/../../../../arm-none-eabi/lib/thumb2\libm.a(lib_a-s_scalbn.o)
 .ARM.attributes
                0x00000b87       0x29 c:/actel/libero_v9.1/softconsole/sourcery-g++/bin/../lib/gcc/arm-none-eabi/4.4.1/../../../../arm-none-eabi/lib/thumb2\libm.a(lib_a-s_copysign.o)
 .ARM.attributes
                0x00000bb0       0x1b c:/actel/libero_v9.1/softconsole/sourcery-g++/bin/../lib/gcc/arm-none-eabi/4.4.1/thumb2\libgcc.a(_divsi3.o)

/DISCARD/
 *(.note.GNU-stack)
OUTPUT(controller_MSS_MSS_CM3_0_app elf32-littlearm)

.debug_ranges   0x00000000      0x328
 .debug_ranges  0x00000000       0x88 ./controller.o
 .debug_ranges  0x00000088       0x50 ./display.o
 .debug_ranges  0x000000d8       0x68 ./main.o
 .debug_ranges  0x00000140       0xa0 C:/Users/rwooster/Documents/base_station/SoftConsole/controller_MSS_MSS_CM3_0/controller_MSS_MSS_CM3_0_hw_platform/Debug/CMSIS/startup_gcc/newlib_stubs.o
 .debug_ranges  0x000001e0       0xd0 C:\Users\rwooster\Documents\base_station\SoftConsole\controller_MSS_MSS_CM3_0\controller_MSS_MSS_CM3_0_hw_platform\Debug\libcontroller_MSS_MSS_CM3_0_hw_platform.a(mss_uart.o)
 .debug_ranges  0x000002b0       0x40 C:\Users\rwooster\Documents\base_station\SoftConsole\controller_MSS_MSS_CM3_0\controller_MSS_MSS_CM3_0_hw_platform\Debug\libcontroller_MSS_MSS_CM3_0_hw_platform.a(core_uart_apb.o)
 .debug_ranges  0x000002f0       0x20 C:\Users\rwooster\Documents\base_station\SoftConsole\controller_MSS_MSS_CM3_0\controller_MSS_MSS_CM3_0_hw_platform\Debug\libcontroller_MSS_MSS_CM3_0_hw_platform.a(system_a2fxxxm3.o)
 .debug_ranges  0x00000310       0x18 C:\Users\rwooster\Documents\base_station\SoftConsole\controller_MSS_MSS_CM3_0\controller_MSS_MSS_CM3_0_hw_platform\Debug\libcontroller_MSS_MSS_CM3_0_hw_platform.a(hal_assert.o)